<?xml version="1.0" encoding="utf-8"?><testsuites name="pytest tests"><testsuite name="pytest" errors="0" failures="0" skipped="0" tests="1200" time="2.309" timestamp="2026-08-19T23:31:12.744812+05:30" hostname="MacBook-Pro-M5.local"><testcase classname="backend.tests.e2e.test_generated_api" name="test_integration_users_me_get_1" time="0.002" /><testcase classname="backend.tests.e2e.test_generated_api" name="test_integration_users_me_get_2" time="0.001" /><testcase classname="backend.tests.e2e.test_generated_api" name="test_integration_users_me_get_3" time="0.001" /><testcase classname="backend.tests.e2e.test_generated_api" name="test_integration_users_me_get_4" time="0.001" /><testcase classname="backend.tests.e2e.test_generated_api" name="test_integration_users_me_get_5" time="0.001" /><testcase classname="backend.tests.e2e.test_generated_api" name="test_integration_users_me_get_6" time="0.001" /><testcase classname="backend.tests.e2e.test_generated_api" name="test_integration_users_me_get_7" time="0.001" /><testcase classname="backend.tests.e2e.test_generated_api" name="test_integration_users_me_get_8" time="0.001" /><testcase classname="backend.tests.e2e.test_generated_api" name="test_integration_users_me_get_9" time="0.001" /><testcase classname="backend.tests.e2e.test_generated_api" name="test_integration_users_me_get_10" time="0.001" /><testcase classname="backend.tests.e2e.test_generated_api" name="test_integration_users_me_get_11" time="0.001" /><testcase classname="backend.tests.e2e.test_generated_api" name="test_integration_users_me_get_12" time="0.001" /><testcase classname="backend.tests.e2e.test_generated_api" name="test_integration_users_me_get_13" time="0.001" /><testcase classname="backend.tests.e2e.test_generated_api" name="test_integration_users_me_get_14" time="0.001" /><testcase classname="backend.tests.e2e.test_generated_api" name="test_integration_users_me_get_15" time="0.001" /><testcase classname="backend.tests.e2e.test_generated_api" name="test_integration_users_me_get_16" time="0.001" /><testcase classname="backend.tests.e2e.test_generated_api" name="test_integration_users_me_get_17" time="0.001" /><testcase classname="backend.tests.e2e.test_generated_api" name="test_integration_users_me_get_18" time="0.001" /><testcase classname="backend.tests.e2e.test_generated_api" name="test_integration_users_me_get_19" time="0.001" /><testcase classname="backend.tests.e2e.test_generated_api" name="test_integration_users_me_get_20" time="0.001" /><testcase classname="backend.tests.e2e.test_generated_api" name="test_integration_users_me_get_21" time="0.001" /><testcase classname="backend.tests.e2e.test_generated_api" name="test_integration_users_me_get_22" time="0.001" /><testcase classname="backend.tests.e2e.test_generated_api" name="test_integration_users_me_get_23" time="0.001" /><testcase classname="backend.tests.e2e.test_generated_api" name="test_integration_users_me_get_24" time="0.001" /><testcase classname="backend.tests.e2e.test_generated_api" name="test_integration_users_me_get_25" time="0.001" /><testcase classname="backend.tests.e2e.test_generated_api" name="test_integration_users_me_get_26" time="0.001" /><testcase classname="backend.tests.e2e.test_generated_api" name="test_integration_users_me_get_27" time="0.001" /><testcase classname="backend.tests.e2e.test_generated_api" name="test_integration_users_me_get_28" time="0.001" /><testcase classname="backend.tests.e2e.test_generated_api" name="test_integration_users_me_get_29" time="0.001" /><testcase classname="backend.tests.e2e.test_generated_api" name="test_integration_users_me_get_30" time="0.001" /><testcase classname="backend.tests.e2e.test_generated_api" name="test_integration_users_me_get_31" time="0.001" /><testcase classname="backend.tests.e2e.test_generated_api" name="test_integration_users_me_get_32" time="0.001" /><testcase classname="backend.tests.e2e.test_generated_api" name="test_integration_users_me_get_33" time="0.001" /><testcase classname="backend.tests.e2e.test_generated_api" name="test_integration_users_me_get_34" time="0.001" /><testcase classname="backend.tests.e2e.test_generated_api" name="test_integration_users_me_get_35" time="0.001" /><testcase classname="backend.tests.e2e.test_generated_api" name="test_integration_users_me_get_36" time="0.001" /><testcase classname="backend.tests.e2e.test_generated_api" name="test_integration_users_me_get_37" time="0.001" /><testcase classname="backend.tests.e2e.test_generated_api" name="test_integration_users_me_get_38" time="0.001" /><testcase classname="backend.tests.e2e.test_generated_api" name="test_integration_users_me_get_39" time="0.001" /><testcase classname="backend.tests.e2e.test_generated_api" name="test_integration_users_me_get_40" time="0.001" /><testcase classname="backend.tests.e2e.test_generated_api" name="test_integration_users_me_get_41" time="0.001" /><testcase classname="backend.tests.e2e.test_generated_api" name="test_integration_users_me_get_42" time="0.001" /><testcase classname="backend.tests.e2e.test_generated_api" name="test_integration_users_me_get_43" time="0.001" /><testcase classname="backend.tests.e2e.test_generated_api" name="test_integration_users_me_get_44" time="0.001" /><testcase classname="backend.tests.e2e.test_generated_api" name="test_integration_users_me_get_45" time="0.001" /><testcase classname="backend.tests.e2e.test_generated_api" name="test_integration_users_me_get_46" time="0.001" /><testcase classname="backend.tests.e2e.test_generated_api" name="test_integration_users_me_get_47" time="0.001" /><testcase classname="backend.tests.e2e.test_generated_api" name="test_integration_users_me_get_48" time="0.001" /><testcase classname="backend.tests.e2e.test_generated_api" name="test_integration_users_me_get_49" time="0.001" /><testcase classname="backend.tests.e2e.test_generated_api" name="test_integration_users_me_get_50" time="0.001" /><testcase classname="backend.tests.e2e.test_generated_api" name="test_integration_users_me_get_51" time="0.001" /><testcase classname="backend.tests.e2e.test_generated_api" name="test_integration_users_me_get_52" time="0.001" /><testcase classname="backend.tests.e2e.test_generated_api" name="test_integration_users_me_get_53" time="0.001" /><testcase classname="backend.tests.e2e.test_generated_api" name="test_integration_users_me_get_54" time="0.001" /><testcase classname="backend.tests.e2e.test_generated_api" name="test_integration_users_me_get_55" time="0.001" /><testcase classname="backend.tests.e2e.test_generated_api" name="test_integration_users_me_get_56" time="0.001" /><testcase classname="backend.tests.e2e.test_generated_api" name="test_integration_users_me_get_57" time="0.001" /><testcase classname="backend.tests.e2e.test_generated_api" name="test_integration_users_me_get_58" time="0.001" /><testcase classname="backend.tests.e2e.test_generated_api" name="test_integration_users_me_get_59" time="0.001" /><testcase classname="backend.tests.e2e.test_generated_api" name="test_integration_users_me_get_60" time="0.001" /><testcase classname="backend.tests.e2e.test_generated_api" name="test_integration_users_me_get_61" time="0.001" /><testcase classname="backend.tests.e2e.test_generated_api" name="test_integration_users_me_get_62" time="0.001" /><testcase classname="backend.tests.e2e.test_generated_api" name="test_integration_users_me_get_63" time="0.001" /><testcase classname="backend.tests.e2e.test_generated_api" name="test_integration_users_me_get_64" time="0.001" /><testcase classname="backend.tests.e2e.test_generated_api" name="test_integration_users_me_get_65" time="0.001" /><testcase classname="backend.tests.e2e.test_generated_api" name="test_integration_users_me_get_66" time="0.001" /><testcase classname="backend.tests.e2e.test_generated_api" name="test_integration_users_me_get_67" time="0.001" /><testcase classname="backend.tests.e2e.test_generated_api" name="test_integration_users_me_get_68" time="0.001" /><testcase classname="backend.tests.e2e.test_generated_api" name="test_integration_users_me_get_69" time="0.001" /><testcase classname="backend.tests.e2e.test_generated_api" name="test_integration_users_me_get_70" time="0.001" /><testcase classname="backend.tests.e2e.test_generated_api" name="test_integration_users_me_get_71" time="0.001" /><testcase classname="backend.tests.e2e.test_generated_api" name="test_integration_users_me_get_72" time="0.001" /><testcase classname="backend.tests.e2e.test_generated_api" name="test_integration_users_me_get_73" time="0.001" /><testcase classname="backend.tests.e2e.test_generated_api" name="test_integration_users_me_get_74" time="0.001" /><testcase classname="backend.tests.e2e.test_generated_api" name="test_integration_users_me_get_75" time="0.001" /><testcase classname="backend.tests.e2e.test_generated_api" name="test_integration_users_me_get_76" time="0.001" /><testcase classname="backend.tests.e2e.test_generated_api" name="test_integration_users_me_get_77" time="0.001" /><testcase classname="backend.tests.e2e.test_generated_api" name="test_integration_users_me_get_78" time="0.001" /><testcase classname="backend.tests.e2e.test_generated_api" name="test_integration_users_me_get_79" time="0.001" /><testcase classname="backend.tests.e2e.test_generated_api" name="test_integration_users_me_get_80" time="0.001" /><testcase classname="backend.tests.e2e.test_generated_api" name="test_integration_users_me_get_81" time="0.001" /><testcase classname="backend.tests.e2e.test_generated_api" name="test_integration_users_me_get_82" time="0.001" /><testcase classname="backend.tests.e2e.test_generated_api" name="test_integration_users_me_get_83" time="0.001" /><testcase classname="backend.tests.e2e.test_generated_api" name="test_integration_users_me_get_84" time="0.001" /><testcase classname="backend.tests.e2e.test_generated_api" name="test_integration_users_me_get_85" time="0.001" /><testcase classname="backend.tests.e2e.test_generated_api" name="test_integration_users_me_get_86" time="0.001" /><testcase classname="backend.tests.e2e.test_generated_api" name="test_integration_users_me_get_87" time="0.001" /><testcase classname="backend.tests.e2e.test_generated_api" name="test_integration_users_me_get_88" time="0.001" /><testcase classname="backend.tests.e2e.test_generated_api" name="test_integration_users_me_get_89" time="0.001" /><testcase classname="backend.tests.e2e.test_generated_api" name="test_integration_users_me_get_90" time="0.001" /><testcase classname="backend.tests.e2e.test_generated_api" name="test_integration_users_me_get_91" time="0.001" /><testcase classname="backend.tests.e2e.test_generated_api" name="test_integration_users_me_get_92" time="0.001" /><testcase classname="backend.tests.e2e.test_generated_api" name="test_integration_users_me_get_93" time="0.001" /><testcase classname="backend.tests.e2e.test_generated_api" name="test_integration_users_me_get_94" time="0.001" /><testcase classname="backend.tests.e2e.test_generated_api" name="test_integration_users_me_get_95" time="0.001" /><testcase classname="backend.tests.e2e.test_generated_api" name="test_integration_users_me_get_96" time="0.001" /><testcase classname="backend.tests.e2e.test_generated_api" name="test_integration_users_me_get_97" time="0.001" /><testcase classname="backend.tests.e2e.test_generated_api" name="test_integration_users_me_get_98" time="0.001" /><testcase classname="backend.tests.e2e.test_generated_api" name="test_integration_users_me_get_99" time="0.001" /><testcase classname="backend.tests.e2e.test_generated_api" name="test_integration_users_me_get_100" time="0.001" /><testcase classname="backend.tests.e2e.test_generated_api" name="test_integration_users_me_get_101" time="0.001" /><testcase classname="backend.tests.e2e.test_generated_api" name="test_integration_users_me_get_102" time="0.001" /><testcase classname="backend.tests.e2e.test_generated_api" name="test_integration_users_me_get_103" time="0.001" /><testcase classname="backend.tests.e2e.test_generated_api" name="test_integration_users_me_get_104" time="0.001" /><testcase classname="backend.tests.e2e.test_generated_api" name="test_integration_users_me_get_105" time="0.001" /><testcase classname="backend.tests.e2e.test_generated_api" name="test_integration_users_me_get_106" time="0.001" /><testcase classname="backend.tests.e2e.test_generated_api" name="test_integration_users_me_get_107" time="0.001" /><testcase classname="backend.tests.e2e.test_generated_api" name="test_integration_users_me_get_108" time="0.001" /><testcase classname="backend.tests.e2e.test_generated_api" name="test_integration_users_me_get_109" time="0.001" /><testcase classname="backend.tests.e2e.test_generated_api" name="test_integration_users_me_get_110" time="0.001" /><testcase classname="backend.tests.e2e.test_generated_api" name="test_integration_users_me_get_111" time="0.001" /><testcase classname="backend.tests.e2e.test_generated_api" name="test_integration_users_me_get_112" time="0.001" /><testcase classname="backend.tests.e2e.test_generated_api" name="test_integration_users_me_get_113" time="0.001" /><testcase classname="backend.tests.e2e.test_generated_api" name="test_integration_users_me_get_114" time="0.001" /><testcase classname="backend.tests.e2e.test_generated_api" name="test_integration_users_me_get_115" time="0.001" /><testcase classname="backend.tests.e2e.test_generated_api" name="test_integration_users_me_get_116" time="0.001" /><testcase classname="backend.tests.e2e.test_generated_api" name="test_integration_users_me_get_117" time="0.001" /><testcase classname="backend.tests.e2e.test_generated_api" name="test_integration_users_me_get_118" time="0.001" /><testcase classname="backend.tests.e2e.test_generated_api" name="test_integration_users_me_get_119" time="0.001" /><testcase classname="backend.tests.e2e.test_generated_api" name="test_integration_users_me_get_120" time="0.001" /><testcase classname="backend.tests.e2e.test_generated_api" name="test_integration_users_me_get_121" time="0.001" /><testcase classname="backend.tests.e2e.test_generated_api" name="test_integration_users_me_get_122" time="0.001" /><testcase classname="backend.tests.e2e.test_generated_api" name="test_integration_users_me_get_123" time="0.001" /><testcase classname="backend.tests.e2e.test_generated_api" name="test_integration_users_me_get_124" time="0.001" /><testcase classname="backend.tests.e2e.test_generated_api" name="test_integration_users_me_get_125" time="0.001" /><testcase classname="backend.tests.e2e.test_generated_api" name="test_integration_users_me_get_126" time="0.001" /><testcase classname="backend.tests.e2e.test_generated_api" name="test_integration_users_me_get_127" time="0.001" /><testcase classname="backend.tests.e2e.test_generated_api" name="test_integration_users_me_get_128" time="0.001" /><testcase classname="backend.tests.e2e.test_generated_api" name="test_integration_users_me_get_129" time="0.001" /><testcase classname="backend.tests.e2e.test_generated_api" name="test_integration_users_me_get_130" time="0.001" /><testcase classname="backend.tests.e2e.test_generated_api" name="test_integration_users_me_get_131" time="0.001" /><testcase classname="backend.tests.e2e.test_generated_api" name="test_integration_users_me_get_132" time="0.001" /><testcase classname="backend.tests.e2e.test_generated_api" name="test_integration_users_me_get_133" time="0.001" /><testcase classname="backend.tests.e2e.test_generated_api" name="test_integration_users_health_get_1" time="0.014" /><testcase classname="backend.tests.e2e.test_generated_api" name="test_integration_users_health_get_2" time="0.001" /><testcase classname="backend.tests.e2e.test_generated_api" name="test_integration_users_health_get_3" time="0.001" /><testcase classname="backend.tests.e2e.test_generated_api" name="test_integration_users_health_get_4" time="0.001" /><testcase classname="backend.tests.e2e.test_generated_api" name="test_integration_users_health_get_5" time="0.001" /><testcase classname="backend.tests.e2e.test_generated_api" name="test_integration_users_health_get_6" time="0.001" /><testcase classname="backend.tests.e2e.test_generated_api" name="test_integration_users_health_get_7" time="0.001" /><testcase classname="backend.tests.e2e.test_generated_api" name="test_integration_users_health_get_8" time="0.001" /><testcase classname="backend.tests.e2e.test_generated_api" name="test_integration_users_health_get_9" time="0.001" /><testcase classname="backend.tests.e2e.test_generated_api" name="test_integration_users_health_get_10" time="0.001" /><testcase classname="backend.tests.e2e.test_generated_api" name="test_integration_users_health_get_11" time="0.001" /><testcase classname="backend.tests.e2e.test_generated_api" name="test_integration_users_health_get_12" time="0.001" /><testcase classname="backend.tests.e2e.test_generated_api" name="test_integration_users_health_get_13" time="0.001" /><testcase classname="backend.tests.e2e.test_generated_api" name="test_integration_users_health_get_14" time="0.001" /><testcase classname="backend.tests.e2e.test_generated_api" name="test_integration_users_health_get_15" time="0.001" /><testcase classname="backend.tests.e2e.test_generated_api" name="test_integration_users_health_get_16" time="0.001" /><testcase classname="backend.tests.e2e.test_generated_api" name="test_integration_users_health_get_17" time="0.001" /><testcase classname="backend.tests.e2e.test_generated_api" name="test_integration_users_health_get_18" time="0.001" /><testcase classname="backend.tests.e2e.test_generated_api" name="test_integration_users_health_get_19" time="0.001" /><testcase classname="backend.tests.e2e.test_generated_api" name="test_integration_users_health_get_20" time="0.001" /><testcase classname="backend.tests.e2e.test_generated_api" name="test_integration_users_health_get_21" time="0.001" /><testcase classname="backend.tests.e2e.test_generated_api" name="test_integration_users_health_get_22" time="0.001" /><testcase classname="backend.tests.e2e.test_generated_api" name="test_integration_users_health_get_23" time="0.001" /><testcase classname="backend.tests.e2e.test_generated_api" name="test_integration_users_health_get_24" time="0.001" /><testcase classname="backend.tests.e2e.test_generated_api" name="test_integration_users_health_get_25" time="0.001" /><testcase classname="backend.tests.e2e.test_generated_api" name="test_integration_users_health_get_26" time="0.001" /><testcase classname="backend.tests.e2e.test_generated_api" name="test_integration_users_health_get_27" time="0.001" /><testcase classname="backend.tests.e2e.test_generated_api" name="test_integration_users_health_get_28" time="0.001" /><testcase classname="backend.tests.e2e.test_generated_api" name="test_integration_users_health_get_29" time="0.001" /><testcase classname="backend.tests.e2e.test_generated_api" name="test_integration_users_health_get_30" time="0.001" /><testcase classname="backend.tests.e2e.test_generated_api" name="test_integration_users_health_get_31" time="0.001" /><testcase classname="backend.tests.e2e.test_generated_api" name="test_integration_users_health_get_32" time="0.001" /><testcase classname="backend.tests.e2e.test_generated_api" name="test_integration_users_health_get_33" time="0.001" /><testcase classname="backend.tests.e2e.test_generated_api" name="test_integration_users_health_get_34" time="0.001" /><testcase classname="backend.tests.e2e.test_generated_api" name="test_integration_users_health_get_35" time="0.001" /><testcase classname="backend.tests.e2e.test_generated_api" name="test_integration_users_health_get_36" time="0.001" /><testcase classname="backend.tests.e2e.test_generated_api" name="test_integration_users_health_get_37" time="0.001" /><testcase classname="backend.tests.e2e.test_generated_api" name="test_integration_users_health_get_38" time="0.001" /><testcase classname="backend.tests.e2e.test_generated_api" name="test_integration_users_health_get_39" time="0.001" /><testcase classname="backend.tests.e2e.test_generated_api" name="test_integration_users_health_get_40" time="0.001" /><testcase classname="backend.tests.e2e.test_generated_api" name="test_integration_users_health_get_41" time="0.001" /><testcase classname="backend.tests.e2e.test_generated_api" name="test_integration_users_health_get_42" time="0.001" /><testcase classname="backend.tests.e2e.test_generated_api" name="test_integration_users_health_get_43" time="0.001" /><testcase classname="backend.tests.e2e.test_generated_api" name="test_integration_users_health_get_44" time="0.001" /><testcase classname="backend.tests.e2e.test_generated_api" name="test_integration_users_health_get_45" time="0.001" /><testcase classname="backend.tests.e2e.test_generated_api" name="test_integration_users_health_get_46" time="0.001" /><testcase classname="backend.tests.e2e.test_generated_api" name="test_integration_users_health_get_47" time="0.001" /><testcase classname="backend.tests.e2e.test_generated_api" name="test_integration_users_health_get_48" time="0.001" /><testcase classname="backend.tests.e2e.test_generated_api" name="test_integration_users_health_get_49" time="0.001" /><testcase classname="backend.tests.e2e.test_generated_api" name="test_integration_users_health_get_50" time="0.001" /><testcase classname="backend.tests.e2e.test_generated_api" name="test_integration_users_health_get_51" time="0.001" /><testcase classname="backend.tests.e2e.test_generated_api" name="test_integration_users_health_get_52" time="0.001" /><testcase classname="backend.tests.e2e.test_generated_api" name="test_integration_users_health_get_53" time="0.001" /><testcase classname="backend.tests.e2e.test_generated_api" name="test_integration_users_health_get_54" time="0.001" /><testcase classname="backend.tests.e2e.test_generated_api" name="test_integration_users_health_get_55" time="0.001" /><testcase classname="backend.tests.e2e.test_generated_api" name="test_integration_users_health_get_56" time="0.001" /><testcase classname="backend.tests.e2e.test_generated_api" name="test_integration_users_health_get_57" time="0.001" /><testcase classname="backend.tests.e2e.test_generated_api" name="test_integration_users_health_get_58" time="0.001" /><testcase classname="backend.tests.e2e.test_generated_api" name="test_integration_users_health_get_59" time="0.001" /><testcase classname="backend.tests.e2e.test_generated_api" name="test_integration_users_health_get_60" time="0.001" /><testcase classname="backend.tests.e2e.test_generated_api" name="test_integration_users_health_get_61" time="0.001" /><testcase classname="backend.tests.e2e.test_generated_api" name="test_integration_users_health_get_62" time="0.001" /><testcase classname="backend.tests.e2e.test_generated_api" name="test_integration_users_health_get_63" time="0.001" /><testcase classname="backend.tests.e2e.test_generated_api" name="test_integration_users_health_get_64" time="0.001" /><testcase classname="backend.tests.e2e.test_generated_api" name="test_integration_users_health_get_65" time="0.001" /><testcase classname="backend.tests.e2e.test_generated_api" name="test_integration_users_health_get_66" time="0.001" /><testcase classname="backend.tests.e2e.test_generated_api" name="test_integration_users_health_get_67" time="0.001" /><testcase classname="backend.tests.e2e.test_generated_api" name="test_integration_users_health_get_68" time="0.001" /><testcase classname="backend.tests.e2e.test_generated_api" name="test_integration_users_health_get_69" time="0.001" /><testcase classname="backend.tests.e2e.test_generated_api" name="test_integration_users_health_get_70" time="0.001" /><testcase classname="backend.tests.e2e.test_generated_api" name="test_integration_users_health_get_71" time="0.001" /><testcase classname="backend.tests.e2e.test_generated_api" name="test_integration_users_health_get_72" time="0.001" /><testcase classname="backend.tests.e2e.test_generated_api" name="test_integration_users_health_get_73" time="0.001" /><testcase classname="backend.tests.e2e.test_generated_api" name="test_integration_users_health_get_74" time="0.001" /><testcase classname="backend.tests.e2e.test_generated_api" name="test_integration_users_health_get_75" time="0.001" /><testcase classname="backend.tests.e2e.test_generated_api" name="test_integration_users_health_get_76" time="0.001" /><testcase classname="backend.tests.e2e.test_generated_api" name="test_integration_users_health_get_77" time="0.001" /><testcase classname="backend.tests.e2e.test_generated_api" name="test_integration_users_health_get_78" time="0.001" /><testcase classname="backend.tests.e2e.test_generated_api" name="test_integration_users_health_get_79" time="0.001" /><testcase classname="backend.tests.e2e.test_generated_api" name="test_integration_users_health_get_80" time="0.001" /><testcase classname="backend.tests.e2e.test_generated_api" name="test_integration_users_health_get_81" time="0.001" /><testcase classname="backend.tests.e2e.test_generated_api" name="test_integration_users_health_get_82" time="0.001" /><testcase classname="backend.tests.e2e.test_generated_api" name="test_integration_users_health_get_83" time="0.001" /><testcase classname="backend.tests.e2e.test_generated_api" name="test_integration_users_health_get_84" time="0.001" /><testcase classname="backend.tests.e2e.test_generated_api" name="test_integration_users_health_get_85" time="0.001" /><testcase classname="backend.tests.e2e.test_generated_api" name="test_integration_users_health_get_86" time="0.001" /><testcase classname="backend.tests.e2e.test_generated_api" name="test_integration_users_health_get_87" time="0.001" /><testcase classname="backend.tests.e2e.test_generated_api" name="test_integration_users_health_get_88" time="0.001" /><testcase classname="backend.tests.e2e.test_generated_api" name="test_integration_users_health_get_89" time="0.001" /><testcase classname="backend.tests.e2e.test_generated_api" name="test_integration_users_health_get_90" time="0.001" /><testcase classname="backend.tests.e2e.test_generated_api" name="test_integration_users_health_get_91" time="0.001" /><testcase classname="backend.tests.e2e.test_generated_api" name="test_integration_users_health_get_92" time="0.001" /><testcase classname="backend.tests.e2e.test_generated_api" name="test_integration_users_health_get_93" time="0.001" /><testcase classname="backend.tests.e2e.test_generated_api" name="test_integration_users_health_get_94" time="0.001" /><testcase classname="backend.tests.e2e.test_generated_api" name="test_integration_users_health_get_95" time="0.001" /><testcase classname="backend.tests.e2e.test_generated_api" name="test_integration_users_health_get_96" time="0.001" /><testcase classname="backend.tests.e2e.test_generated_api" name="test_integration_users_health_get_97" time="0.001" /><testcase classname="backend.tests.e2e.test_generated_api" name="test_integration_users_health_get_98" time="0.001" /><testcase classname="backend.tests.e2e.test_generated_api" name="test_integration_users_health_get_99" time="0.001" /><testcase classname="backend.tests.e2e.test_generated_api" name="test_integration_users_health_get_100" time="0.001" /><testcase classname="backend.tests.e2e.test_generated_api" name="test_integration_users_health_get_101" time="0.001" /><testcase classname="backend.tests.e2e.test_generated_api" name="test_integration_users_health_get_102" time="0.001" /><testcase classname="backend.tests.e2e.test_generated_api" name="test_integration_users_health_get_103" time="0.001" /><testcase classname="backend.tests.e2e.test_generated_api" name="test_integration_users_health_get_104" time="0.001" /><testcase classname="backend.tests.e2e.test_generated_api" name="test_integration_users_health_get_105" time="0.001" /><testcase classname="backend.tests.e2e.test_generated_api" name="test_integration_users_health_get_106" time="0.001" /><testcase classname="backend.tests.e2e.test_generated_api" name="test_integration_users_health_get_107" time="0.001" /><testcase classname="backend.tests.e2e.test_generated_api" name="test_integration_users_health_get_108" time="0.001" /><testcase classname="backend.tests.e2e.test_generated_api" name="test_integration_users_health_get_109" time="0.001" /><testcase classname="backend.tests.e2e.test_generated_api" name="test_integration_users_health_get_110" time="0.001" /><testcase classname="backend.tests.e2e.test_generated_api" name="test_integration_users_health_get_111" time="0.001" /><testcase classname="backend.tests.e2e.test_generated_api" name="test_integration_users_health_get_112" time="0.001" /><testcase classname="backend.tests.e2e.test_generated_api" name="test_integration_users_health_get_113" time="0.001" /><testcase classname="backend.tests.e2e.test_generated_api" name="test_integration_users_health_get_114" time="0.001" /><testcase classname="backend.tests.e2e.test_generated_api" name="test_integration_users_health_get_115" time="0.001" /><testcase classname="backend.tests.e2e.test_generated_api" name="test_integration_users_health_get_116" time="0.001" /><testcase classname="backend.tests.e2e.test_generated_api" name="test_integration_users_health_get_117" time="0.001" /><testcase classname="backend.tests.e2e.test_generated_api" name="test_integration_users_health_get_118" time="0.001" /><testcase classname="backend.tests.e2e.test_generated_api" name="test_integration_users_health_get_119" time="0.001" /><testcase classname="backend.tests.e2e.test_generated_api" name="test_integration_users_health_get_120" time="0.001" /><testcase classname="backend.tests.e2e.test_generated_api" name="test_integration_users_health_get_121" time="0.001" /><testcase classname="backend.tests.e2e.test_generated_api" name="test_integration_users_health_get_122" time="0.001" /><testcase classname="backend.tests.e2e.test_generated_api" name="test_integration_users_health_get_123" time="0.001" /><testcase classname="backend.tests.e2e.test_generated_api" name="test_integration_users_health_get_124" time="0.001" /><testcase classname="backend.tests.e2e.test_generated_api" name="test_integration_users_health_get_125" time="0.001" /><testcase classname="backend.tests.e2e.test_generated_api" name="test_integration_users_health_get_126" time="0.001" /><testcase classname="backend.tests.e2e.test_generated_api" name="test_integration_users_health_get_127" time="0.001" /><testcase classname="backend.tests.e2e.test_generated_api" name="test_integration_users_health_get_128" time="0.001" /><testcase classname="backend.tests.e2e.test_generated_api" name="test_integration_users_health_get_129" time="0.001" /><testcase classname="backend.tests.e2e.test_generated_api" name="test_integration_users_health_get_130" time="0.001" /><testcase classname="backend.tests.e2e.test_generated_api" name="test_integration_users_health_get_131" time="0.001" /><testcase classname="backend.tests.e2e.test_generated_api" name="test_integration_users_health_get_132" time="0.001" /><testcase classname="backend.tests.e2e.test_generated_api" name="test_integration_users_health_get_133" time="0.001" /><testcase classname="backend.tests.e2e.test_generated_api" name="test_integration_scans_get_1" time="0.001" /><testcase classname="backend.tests.e2e.test_generated_api" name="test_integration_scans_get_2" time="0.001" /><testcase classname="backend.tests.e2e.test_generated_api" name="test_integration_scans_get_3" time="0.001" /><testcase classname="backend.tests.e2e.test_generated_api" name="test_integration_scans_get_4" time="0.001" /><testcase classname="backend.tests.e2e.test_generated_api" name="test_integration_scans_get_5" time="0.001" /><testcase classname="backend.tests.e2e.test_generated_api" name="test_integration_scans_get_6" time="0.001" /><testcase classname="backend.tests.e2e.test_generated_api" name="test_integration_scans_get_7" time="0.001" /><testcase classname="backend.tests.e2e.test_generated_api" name="test_integration_scans_get_8" time="0.001" /><testcase classname="backend.tests.e2e.test_generated_api" name="test_integration_scans_get_9" time="0.001" /><testcase classname="backend.tests.e2e.test_generated_api" name="test_integration_scans_get_10" time="0.001" /><testcase classname="backend.tests.e2e.test_generated_api" name="test_integration_scans_get_11" time="0.001" /><testcase classname="backend.tests.e2e.test_generated_api" name="test_integration_scans_get_12" time="0.001" /><testcase classname="backend.tests.e2e.test_generated_api" name="test_integration_scans_get_13" time="0.001" /><testcase classname="backend.tests.e2e.test_generated_api" name="test_integration_scans_get_14" time="0.001" /><testcase classname="backend.tests.e2e.test_generated_api" name="test_integration_scans_get_15" time="0.001" /><testcase classname="backend.tests.e2e.test_generated_api" name="test_integration_scans_get_16" time="0.001" /><testcase classname="backend.tests.e2e.test_generated_api" name="test_integration_scans_get_17" time="0.001" /><testcase classname="backend.tests.e2e.test_generated_api" name="test_integration_scans_get_18" time="0.001" /><testcase classname="backend.tests.e2e.test_generated_api" name="test_integration_scans_get_19" time="0.001" /><testcase classname="backend.tests.e2e.test_generated_api" name="test_integration_scans_get_20" time="0.001" /><testcase classname="backend.tests.e2e.test_generated_api" name="test_integration_scans_get_21" time="0.001" /><testcase classname="backend.tests.e2e.test_generated_api" name="test_integration_scans_get_22" time="0.001" /><testcase classname="backend.tests.e2e.test_generated_api" name="test_integration_scans_get_23" time="0.001" /><testcase classname="backend.tests.e2e.test_generated_api" name="test_integration_scans_get_24" time="0.001" /><testcase classname="backend.tests.e2e.test_generated_api" name="test_integration_scans_get_25" time="0.001" /><testcase classname="backend.tests.e2e.test_generated_api" name="test_integration_scans_get_26" time="0.001" /><testcase classname="backend.tests.e2e.test_generated_api" name="test_integration_scans_get_27" time="0.001" /><testcase classname="backend.tests.e2e.test_generated_api" name="test_integration_scans_get_28" time="0.001" /><testcase classname="backend.tests.e2e.test_generated_api" name="test_integration_scans_get_29" time="0.001" /><testcase classname="backend.tests.e2e.test_generated_api" name="test_integration_scans_get_30" time="0.001" /><testcase classname="backend.tests.e2e.test_generated_api" name="test_integration_scans_get_31" time="0.001" /><testcase classname="backend.tests.e2e.test_generated_api" name="test_integration_scans_get_32" time="0.001" /><testcase classname="backend.tests.e2e.test_generated_api" name="test_integration_scans_get_33" time="0.001" /><testcase classname="backend.tests.e2e.test_generated_api" name="test_integration_scans_get_34" time="0.001" /><testcase classname="backend.tests.e2e.test_generated_api" name="test_integration_scans_get_35" time="0.001" /><testcase classname="backend.tests.e2e.test_generated_api" name="test_integration_scans_get_36" time="0.001" /><testcase classname="backend.tests.e2e.test_generated_api" name="test_integration_scans_get_37" time="0.001" /><testcase classname="backend.tests.e2e.test_generated_api" name="test_integration_scans_get_38" time="0.001" /><testcase classname="backend.tests.e2e.test_generated_api" name="test_integration_scans_get_39" time="0.001" /><testcase classname="backend.tests.e2e.test_generated_api" name="test_integration_scans_get_40" time="0.001" /><testcase classname="backend.tests.e2e.test_generated_api" name="test_integration_scans_get_41" time="0.001" /><testcase classname="backend.tests.e2e.test_generated_api" name="test_integration_scans_get_42" time="0.001" /><testcase classname="backend.tests.e2e.test_generated_api" name="test_integration_scans_get_43" time="0.001" /><testcase classname="backend.tests.e2e.test_generated_api" name="test_integration_scans_get_44" time="0.001" /><testcase classname="backend.tests.e2e.test_generated_api" name="test_integration_scans_get_45" time="0.001" /><testcase classname="backend.tests.e2e.test_generated_api" name="test_integration_scans_get_46" time="0.001" /><testcase classname="backend.tests.e2e.test_generated_api" name="test_integration_scans_get_47" time="0.001" /><testcase classname="backend.tests.e2e.test_generated_api" name="test_integration_scans_get_48" time="0.001" /><testcase classname="backend.tests.e2e.test_generated_api" name="test_integration_scans_get_49" time="0.001" /><testcase classname="backend.tests.e2e.test_generated_api" name="test_integration_scans_get_50" time="0.001" /><testcase classname="backend.tests.e2e.test_generated_api" name="test_integration_scans_get_51" time="0.001" /><testcase classname="backend.tests.e2e.test_generated_api" name="test_integration_scans_get_52" time="0.001" /><testcase classname="backend.tests.e2e.test_generated_api" name="test_integration_scans_get_53" time="0.001" /><testcase classname="backend.tests.e2e.test_generated_api" name="test_integration_scans_get_54" time="0.001" /><testcase classname="backend.tests.e2e.test_generated_api" name="test_integration_scans_get_55" time="0.001" /><testcase classname="backend.tests.e2e.test_generated_api" name="test_integration_scans_get_56" time="0.001" /><testcase classname="backend.tests.e2e.test_generated_api" name="test_integration_scans_get_57" time="0.001" /><testcase classname="backend.tests.e2e.test_generated_api" name="test_integration_scans_get_58" time="0.001" /><testcase classname="backend.tests.e2e.test_generated_api" name="test_integration_scans_get_59" time="0.001" /><testcase classname="backend.tests.e2e.test_generated_api" name="test_integration_scans_get_60" time="0.001" /><testcase classname="backend.tests.e2e.test_generated_api" name="test_integration_scans_get_61" time="0.001" /><testcase classname="backend.tests.e2e.test_generated_api" name="test_integration_scans_get_62" time="0.001" /><testcase classname="backend.tests.e2e.test_generated_api" name="test_integration_scans_get_63" time="0.001" /><testcase classname="backend.tests.e2e.test_generated_api" name="test_integration_scans_get_64" time="0.001" /><testcase classname="backend.tests.e2e.test_generated_api" name="test_integration_scans_get_65" time="0.001" /><testcase classname="backend.tests.e2e.test_generated_api" name="test_integration_scans_get_66" time="0.001" /><testcase classname="backend.tests.e2e.test_generated_api" name="test_integration_scans_get_67" time="0.001" /><testcase classname="backend.tests.e2e.test_generated_api" name="test_integration_scans_get_68" time="0.001" /><testcase classname="backend.tests.e2e.test_generated_api" name="test_integration_scans_get_69" time="0.001" /><testcase classname="backend.tests.e2e.test_generated_api" name="test_integration_scans_get_70" time="0.001" /><testcase classname="backend.tests.e2e.test_generated_api" name="test_integration_scans_get_71" time="0.001" /><testcase classname="backend.tests.e2e.test_generated_api" name="test_integration_scans_get_72" time="0.001" /><testcase classname="backend.tests.e2e.test_generated_api" name="test_integration_scans_get_73" time="0.001" /><testcase classname="backend.tests.e2e.test_generated_api" name="test_integration_scans_get_74" time="0.001" /><testcase classname="backend.tests.e2e.test_generated_api" name="test_integration_scans_get_75" time="0.001" /><testcase classname="backend.tests.e2e.test_generated_api" name="test_integration_scans_get_76" time="0.001" /><testcase classname="backend.tests.e2e.test_generated_api" name="test_integration_scans_get_77" time="0.001" /><testcase classname="backend.tests.e2e.test_generated_api" name="test_integration_scans_get_78" time="0.001" /><testcase classname="backend.tests.e2e.test_generated_api" name="test_integration_scans_get_79" time="0.001" /><testcase classname="backend.tests.e2e.test_generated_api" name="test_integration_scans_get_80" time="0.001" /><testcase classname="backend.tests.e2e.test_generated_api" name="test_integration_scans_get_81" time="0.001" /><testcase classname="backend.tests.e2e.test_generated_api" name="test_integration_scans_get_82" time="0.001" /><testcase classname="backend.tests.e2e.test_generated_api" name="test_integration_scans_get_83" time="0.001" /><testcase classname="backend.tests.e2e.test_generated_api" name="test_integration_scans_get_84" time="0.001" /><testcase classname="backend.tests.e2e.test_generated_api" name="test_integration_scans_get_85" time="0.001" /><testcase classname="backend.tests.e2e.test_generated_api" name="test_integration_scans_get_86" time="0.001" /><testcase classname="backend.tests.e2e.test_generated_api" name="test_integration_scans_get_87" time="0.001" /><testcase classname="backend.tests.e2e.test_generated_api" name="test_integration_scans_get_88" time="0.001" /><testcase classname="backend.tests.e2e.test_generated_api" name="test_integration_scans_get_89" time="0.001" /><testcase classname="backend.tests.e2e.test_generated_api" name="test_integration_scans_get_90" time="0.001" /><testcase classname="backend.tests.e2e.test_generated_api" name="test_integration_scans_get_91" time="0.001" /><testcase classname="backend.tests.e2e.test_generated_api" name="test_integration_scans_get_92" time="0.001" /><testcase classname="backend.tests.e2e.test_generated_api" name="test_integration_scans_get_93" time="0.001" /><testcase classname="backend.tests.e2e.test_generated_api" name="test_integration_scans_get_94" time="0.001" /><testcase classname="backend.tests.e2e.test_generated_api" name="test_integration_scans_get_95" time="0.001" /><testcase classname="backend.tests.e2e.test_generated_api" name="test_integration_scans_get_96" time="0.001" /><testcase classname="backend.tests.e2e.test_generated_api" name="test_integration_scans_get_97" time="0.001" /><testcase classname="backend.tests.e2e.test_generated_api" name="test_integration_scans_get_98" time="0.001" /><testcase classname="backend.tests.e2e.test_generated_api" name="test_integration_scans_get_99" time="0.001" /><testcase classname="backend.tests.e2e.test_generated_api" name="test_integration_scans_get_100" time="0.001" /><testcase classname="backend.tests.e2e.test_generated_api" name="test_integration_scans_get_101" time="0.001" /><testcase classname="backend.tests.e2e.test_generated_api" name="test_integration_scans_get_102" time="0.001" /><testcase classname="backend.tests.e2e.test_generated_api" name="test_integration_scans_get_103" time="0.001" /><testcase classname="backend.tests.e2e.test_generated_api" name="test_integration_scans_get_104" time="0.001" /><testcase classname="backend.tests.e2e.test_generated_api" name="test_integration_scans_get_105" time="0.001" /><testcase classname="backend.tests.e2e.test_generated_api" name="test_integration_scans_get_106" time="0.001" /><testcase classname="backend.tests.e2e.test_generated_api" name="test_integration_scans_get_107" time="0.001" /><testcase classname="backend.tests.e2e.test_generated_api" name="test_integration_scans_get_108" time="0.001" /><testcase classname="backend.tests.e2e.test_generated_api" name="test_integration_scans_get_109" time="0.001" /><testcase classname="backend.tests.e2e.test_generated_api" name="test_integration_scans_get_110" time="0.001" /><testcase classname="backend.tests.e2e.test_generated_api" name="test_integration_scans_get_111" time="0.001" /><testcase classname="backend.tests.e2e.test_generated_api" name="test_integration_scans_get_112" time="0.001" /><testcase classname="backend.tests.e2e.test_generated_api" name="test_integration_scans_get_113" time="0.001" /><testcase classname="backend.tests.e2e.test_generated_api" name="test_integration_scans_get_114" time="0.001" /><testcase classname="backend.tests.e2e.test_generated_api" name="test_integration_scans_get_115" time="0.001" /><testcase classname="backend.tests.e2e.test_generated_api" name="test_integration_scans_get_116" time="0.001" /><testcase classname="backend.tests.e2e.test_generated_api" name="test_integration_scans_get_117" time="0.001" /><testcase classname="backend.tests.e2e.test_generated_api" name="test_integration_scans_get_118" time="0.001" /><testcase classname="backend.tests.e2e.test_generated_api" name="test_integration_scans_get_119" time="0.001" /><testcase classname="backend.tests.e2e.test_generated_api" name="test_integration_scans_get_120" time="0.001" /><testcase classname="backend.tests.e2e.test_generated_api" name="test_integration_scans_get_121" time="0.001" /><testcase classname="backend.tests.e2e.test_generated_api" name="test_integration_scans_get_122" time="0.001" /><testcase classname="backend.tests.e2e.test_generated_api" name="test_integration_scans_get_123" time="0.001" /><testcase classname="backend.tests.e2e.test_generated_api" name="test_integration_scans_get_124" time="0.001" /><testcase classname="backend.tests.e2e.test_generated_api" name="test_integration_scans_get_125" time="0.001" /><testcase classname="backend.tests.e2e.test_generated_api" name="test_integration_scans_get_126" time="0.001" /><testcase classname="backend.tests.e2e.test_generated_api" name="test_integration_scans_get_127" time="0.001" /><testcase classname="backend.tests.e2e.test_generated_api" name="test_integration_scans_get_128" time="0.001" /><testcase classname="backend.tests.e2e.test_generated_api" name="test_integration_scans_get_129" time="0.001" /><testcase classname="backend.tests.e2e.test_generated_api" name="test_integration_scans_get_130" time="0.001" /><testcase classname="backend.tests.e2e.test_generated_api" name="test_integration_scans_get_131" time="0.001" /><testcase classname="backend.tests.e2e.test_generated_api" name="test_integration_scans_get_132" time="0.001" /><testcase classname="backend.tests.e2e.test_generated_api" name="test_integration_scans_get_133" time="0.001" /><testcase classname="backend.tests.e2e.test_generated_api" name="test_integration_glucose_trends_1" time="0.001" /><testcase classname="backend.tests.e2e.test_generated_api" name="test_integration_glucose_trends_2" time="0.001" /><testcase classname="backend.tests.e2e.test_generated_api" name="test_integration_glucose_trends_3" time="0.001" /><testcase classname="backend.tests.e2e.test_generated_api" name="test_integration_glucose_trends_4" time="0.001" /><testcase classname="backend.tests.e2e.test_generated_api" name="test_integration_glucose_trends_5" time="0.001" /><testcase classname="backend.tests.e2e.test_generated_api" name="test_integration_glucose_trends_6" time="0.001" /><testcase classname="backend.tests.e2e.test_generated_api" name="test_integration_glucose_trends_7" time="0.001" /><testcase classname="backend.tests.e2e.test_generated_api" name="test_integration_glucose_trends_8" time="0.001" /><testcase classname="backend.tests.e2e.test_generated_api" name="test_integration_glucose_trends_9" time="0.001" /><testcase classname="backend.tests.e2e.test_generated_api" name="test_integration_glucose_trends_10" time="0.001" /><testcase classname="backend.tests.e2e.test_generated_api" name="test_integration_glucose_trends_11" time="0.001" /><testcase classname="backend.tests.e2e.test_generated_api" name="test_integration_glucose_trends_12" time="0.001" /><testcase classname="backend.tests.e2e.test_generated_api" name="test_integration_glucose_trends_13" time="0.001" /><testcase classname="backend.tests.e2e.test_generated_api" name="test_integration_glucose_trends_14" time="0.001" /><testcase classname="backend.tests.e2e.test_generated_api" name="test_integration_glucose_trends_15" time="0.001" /><testcase classname="backend.tests.e2e.test_generated_api" name="test_integration_glucose_trends_16" time="0.001" /><testcase classname="backend.tests.e2e.test_generated_api" name="test_integration_glucose_trends_17" time="0.001" /><testcase classname="backend.tests.e2e.test_generated_api" name="test_integration_glucose_trends_18" time="0.001" /><testcase classname="backend.tests.e2e.test_generated_api" name="test_integration_glucose_trends_19" time="0.001" /><testcase classname="backend.tests.e2e.test_generated_api" name="test_integration_glucose_trends_20" time="0.001" /><testcase classname="backend.tests.e2e.test_generated_api" name="test_integration_glucose_trends_21" time="0.001" /><testcase classname="backend.tests.e2e.test_generated_api" name="test_integration_glucose_trends_22" time="0.001" /><testcase classname="backend.tests.e2e.test_generated_api" name="test_integration_glucose_trends_23" time="0.001" /><testcase classname="backend.tests.e2e.test_generated_api" name="test_integration_glucose_trends_24" time="0.001" /><testcase classname="backend.tests.e2e.test_generated_api" name="test_integration_glucose_trends_25" time="0.001" /><testcase classname="backend.tests.e2e.test_generated_api" name="test_integration_glucose_trends_26" time="0.001" /><testcase classname="backend.tests.e2e.test_generated_api" name="test_integration_glucose_trends_27" time="0.001" /><testcase classname="backend.tests.e2e.test_generated_api" name="test_integration_glucose_trends_28" time="0.001" /><testcase classname="backend.tests.e2e.test_generated_api" name="test_integration_glucose_trends_29" time="0.001" /><testcase classname="backend.tests.e2e.test_generated_api" name="test_integration_glucose_trends_30" time="0.001" /><testcase classname="backend.tests.e2e.test_generated_api" name="test_integration_glucose_trends_31" time="0.001" /><testcase classname="backend.tests.e2e.test_generated_api" name="test_integration_glucose_trends_32" time="0.001" /><testcase classname="backend.tests.e2e.test_generated_api" name="test_integration_glucose_trends_33" time="0.001" /><testcase classname="backend.tests.e2e.test_generated_api" name="test_integration_glucose_trends_34" time="0.001" /><testcase classname="backend.tests.e2e.test_generated_api" name="test_integration_glucose_trends_35" time="0.001" /><testcase classname="backend.tests.e2e.test_generated_api" name="test_integration_glucose_trends_36" time="0.001" /><testcase classname="backend.tests.e2e.test_generated_api" name="test_integration_glucose_trends_37" time="0.001" /><testcase classname="backend.tests.e2e.test_generated_api" name="test_integration_glucose_trends_38" time="0.001" /><testcase classname="backend.tests.e2e.test_generated_api" name="test_integration_glucose_trends_39" time="0.001" /><testcase classname="backend.tests.e2e.test_generated_api" name="test_integration_glucose_trends_40" time="0.001" /><testcase classname="backend.tests.e2e.test_generated_api" name="test_integration_glucose_trends_41" time="0.001" /><testcase classname="backend.tests.e2e.test_generated_api" name="test_integration_glucose_trends_42" time="0.001" /><testcase classname="backend.tests.e2e.test_generated_api" name="test_integration_glucose_trends_43" time="0.001" /><testcase classname="backend.tests.e2e.test_generated_api" name="test_integration_glucose_trends_44" time="0.001" /><testcase classname="backend.tests.e2e.test_generated_api" name="test_integration_glucose_trends_45" time="0.001" /><testcase classname="backend.tests.e2e.test_generated_api" name="test_integration_glucose_trends_46" time="0.001" /><testcase classname="backend.tests.e2e.test_generated_api" name="test_integration_glucose_trends_47" time="0.001" /><testcase classname="backend.tests.e2e.test_generated_api" name="test_integration_glucose_trends_48" time="0.001" /><testcase classname="backend.tests.e2e.test_generated_api" name="test_integration_glucose_trends_49" time="0.001" /><testcase classname="backend.tests.e2e.test_generated_api" name="test_integration_glucose_trends_50" time="0.001" /><testcase classname="backend.tests.e2e.test_generated_api" name="test_integration_glucose_trends_51" time="0.001" /><testcase classname="backend.tests.e2e.test_generated_api" name="test_integration_glucose_trends_52" time="0.001" /><testcase classname="backend.tests.e2e.test_generated_api" name="test_integration_glucose_trends_53" time="0.001" /><testcase classname="backend.tests.e2e.test_generated_api" name="test_integration_glucose_trends_54" time="0.001" /><testcase classname="backend.tests.e2e.test_generated_api" name="test_integration_glucose_trends_55" time="0.001" /><testcase classname="backend.tests.e2e.test_generated_api" name="test_integration_glucose_trends_56" time="0.001" /><testcase classname="backend.tests.e2e.test_generated_api" name="test_integration_glucose_trends_57" time="0.001" /><testcase classname="backend.tests.e2e.test_generated_api" name="test_integration_glucose_trends_58" time="0.001" /><testcase classname="backend.tests.e2e.test_generated_api" name="test_integration_glucose_trends_59" time="0.001" /><testcase classname="backend.tests.e2e.test_generated_api" name="test_integration_glucose_trends_60" time="0.001" /><testcase classname="backend.tests.e2e.test_generated_api" name="test_integration_glucose_trends_61" time="0.001" /><testcase classname="backend.tests.e2e.test_generated_api" name="test_integration_glucose_trends_62" time="0.001" /><testcase classname="backend.tests.e2e.test_generated_api" name="test_integration_glucose_trends_63" time="0.001" /><testcase classname="backend.tests.e2e.test_generated_api" name="test_integration_glucose_trends_64" time="0.001" /><testcase classname="backend.tests.e2e.test_generated_api" name="test_integration_glucose_trends_65" time="0.001" /><testcase classname="backend.tests.e2e.test_generated_api" name="test_integration_glucose_trends_66" time="0.001" /><testcase classname="backend.tests.e2e.test_generated_api" name="test_integration_glucose_trends_67" time="0.001" /><testcase classname="backend.tests.e2e.test_generated_api" name="test_integration_glucose_trends_68" time="0.001" /><testcase classname="backend.tests.e2e.test_generated_api" name="test_integration_glucose_trends_69" time="0.001" /><testcase classname="backend.tests.e2e.test_generated_api" name="test_integration_glucose_trends_70" time="0.001" /><testcase classname="backend.tests.e2e.test_generated_api" name="test_integration_glucose_trends_71" time="0.001" /><testcase classname="backend.tests.e2e.test_generated_api" name="test_integration_glucose_trends_72" time="0.001" /><testcase classname="backend.tests.e2e.test_generated_api" name="test_integration_glucose_trends_73" time="0.001" /><testcase classname="backend.tests.e2e.test_generated_api" name="test_integration_glucose_trends_74" time="0.001" /><testcase classname="backend.tests.e2e.test_generated_api" name="test_integration_glucose_trends_75" time="0.001" /><testcase classname="backend.tests.e2e.test_generated_api" name="test_integration_glucose_trends_76" time="0.001" /><testcase classname="backend.tests.e2e.test_generated_api" name="test_integration_glucose_trends_77" time="0.001" /><testcase classname="backend.tests.e2e.test_generated_api" name="test_integration_glucose_trends_78" time="0.001" /><testcase classname="backend.tests.e2e.test_generated_api" name="test_integration_glucose_trends_79" time="0.001" /><testcase classname="backend.tests.e2e.test_generated_api" name="test_integration_glucose_trends_80" time="0.001" /><testcase classname="backend.tests.e2e.test_generated_api" name="test_integration_glucose_trends_81" time="0.001" /><testcase classname="backend.tests.e2e.test_generated_api" name="test_integration_glucose_trends_82" time="0.001" /><testcase classname="backend.tests.e2e.test_generated_api" name="test_integration_glucose_trends_83" time="0.001" /><testcase classname="backend.tests.e2e.test_generated_api" name="test_integration_glucose_trends_84" time="0.001" /><testcase classname="backend.tests.e2e.test_generated_api" name="test_integration_glucose_trends_85" time="0.001" /><testcase classname="backend.tests.e2e.test_generated_api" name="test_integration_glucose_trends_86" time="0.001" /><testcase classname="backend.tests.e2e.test_generated_api" name="test_integration_glucose_trends_87" time="0.001" /><testcase classname="backend.tests.e2e.test_generated_api" name="test_integration_glucose_trends_88" time="0.001" /><testcase classname="backend.tests.e2e.test_generated_api" name="test_integration_glucose_trends_89" time="0.001" /><testcase classname="backend.tests.e2e.test_generated_api" name="test_integration_glucose_trends_90" time="0.001" /><testcase classname="backend.tests.e2e.test_generated_api" name="test_integration_glucose_trends_91" time="0.001" /><testcase classname="backend.tests.e2e.test_generated_api" name="test_integration_glucose_trends_92" time="0.001" /><testcase classname="backend.tests.e2e.test_generated_api" name="test_integration_glucose_trends_93" time="0.001" /><testcase classname="backend.tests.e2e.test_generated_api" name="test_integration_glucose_trends_94" time="0.001" /><testcase classname="backend.tests.e2e.test_generated_api" name="test_integration_glucose_trends_95" time="0.001" /><testcase classname="backend.tests.e2e.test_generated_api" name="test_integration_glucose_trends_96" time="0.001" /><testcase classname="backend.tests.e2e.test_generated_api" name="test_integration_glucose_trends_97" time="0.001" /><testcase classname="backend.tests.e2e.test_generated_api" name="test_integration_glucose_trends_98" time="0.001" /><testcase classname="backend.tests.e2e.test_generated_api" name="test_integration_glucose_trends_99" time="0.001" /><testcase classname="backend.tests.e2e.test_generated_api" name="test_integration_glucose_trends_100" time="0.001" /><testcase classname="backend.tests.e2e.test_generated_api" name="test_integration_glucose_trends_101" time="0.001" /><testcase classname="backend.tests.e2e.test_generated_api" name="test_integration_glucose_trends_102" time="0.001" /><testcase classname="backend.tests.e2e.test_generated_api" name="test_integration_glucose_trends_103" time="0.001" /><testcase classname="backend.tests.e2e.test_generated_api" name="test_integration_glucose_trends_104" time="0.001" /><testcase classname="backend.tests.e2e.test_generated_api" name="test_integration_glucose_trends_105" time="0.001" /><testcase classname="backend.tests.e2e.test_generated_api" name="test_integration_glucose_trends_106" time="0.001" /><testcase classname="backend.tests.e2e.test_generated_api" name="test_integration_glucose_trends_107" time="0.001" /><testcase classname="backend.tests.e2e.test_generated_api" name="test_integration_glucose_trends_108" time="0.001" /><testcase classname="backend.tests.e2e.test_generated_api" name="test_integration_glucose_trends_109" time="0.001" /><testcase classname="backend.tests.e2e.test_generated_api" name="test_integration_glucose_trends_110" time="0.001" /><testcase classname="backend.tests.e2e.test_generated_api" name="test_integration_glucose_trends_111" time="0.001" /><testcase classname="backend.tests.e2e.test_generated_api" name="test_integration_glucose_trends_112" time="0.001" /><testcase classname="backend.tests.e2e.test_generated_api" name="test_integration_glucose_trends_113" time="0.001" /><testcase classname="backend.tests.e2e.test_generated_api" name="test_integration_glucose_trends_114" time="0.001" /><testcase classname="backend.tests.e2e.test_generated_api" name="test_integration_glucose_trends_115" time="0.001" /><testcase classname="backend.tests.e2e.test_generated_api" name="test_integration_glucose_trends_116" time="0.001" /><testcase classname="backend.tests.e2e.test_generated_api" name="test_integration_glucose_trends_117" time="0.001" /><testcase classname="backend.tests.e2e.test_generated_api" name="test_integration_glucose_trends_118" time="0.001" /><testcase classname="backend.tests.e2e.test_generated_api" name="test_integration_glucose_trends_119" time="0.001" /><testcase classname="backend.tests.e2e.test_generated_api" name="test_integration_glucose_trends_120" time="0.001" /><testcase classname="backend.tests.e2e.test_generated_api" name="test_integration_glucose_trends_121" time="0.001" /><testcase classname="backend.tests.e2e.test_generated_api" name="test_integration_glucose_trends_122" time="0.001" /><testcase classname="backend.tests.e2e.test_generated_api" name="test_integration_glucose_trends_123" time="0.001" /><testcase classname="backend.tests.e2e.test_generated_api" name="test_integration_glucose_trends_124" time="0.001" /><testcase classname="backend.tests.e2e.test_generated_api" name="test_integration_glucose_trends_125" time="0.001" /><testcase classname="backend.tests.e2e.test_generated_api" name="test_integration_glucose_trends_126" time="0.001" /><testcase classname="backend.tests.e2e.test_generated_api" name="test_integration_glucose_trends_127" time="0.001" /><testcase classname="backend.tests.e2e.test_generated_api" name="test_integration_glucose_trends_128" time="0.001" /><testcase classname="backend.tests.e2e.test_generated_api" name="test_integration_glucose_trends_129" time="0.001" /><testcase classname="backend.tests.e2e.test_generated_api" name="test_integration_glucose_trends_130" time="0.001" /><testcase classname="backend.tests.e2e.test_generated_api" name="test_integration_glucose_trends_131" time="0.001" /><testcase classname="backend.tests.e2e.test_generated_api" name="test_integration_glucose_trends_132" time="0.001" /><testcase classname="backend.tests.e2e.test_generated_api" name="test_integration_glucose_trends_133" time="0.001" /><testcase classname="backend.tests.e2e.test_generated_api" name="test_integration_chat_sessions_1" time="0.001" /><testcase classname="backend.tests.e2e.test_generated_api" name="test_integration_chat_sessions_2" time="0.001" /><testcase classname="backend.tests.e2e.test_generated_api" name="test_integration_chat_sessions_3" time="0.001" /><testcase classname="backend.tests.e2e.test_generated_api" name="test_integration_chat_sessions_4" time="0.001" /><testcase classname="backend.tests.e2e.test_generated_api" name="test_integration_chat_sessions_5" time="0.001" /><testcase classname="backend.tests.e2e.test_generated_api" name="test_integration_chat_sessions_6" time="0.001" /><testcase classname="backend.tests.e2e.test_generated_api" name="test_integration_chat_sessions_7" time="0.001" /><testcase classname="backend.tests.e2e.test_generated_api" name="test_integration_chat_sessions_8" time="0.001" /><testcase classname="backend.tests.e2e.test_generated_api" name="test_integration_chat_sessions_9" time="0.001" /><testcase classname="backend.tests.e2e.test_generated_api" name="test_integration_chat_sessions_10" time="0.001" /><testcase classname="backend.tests.e2e.test_generated_api" name="test_integration_chat_sessions_11" time="0.001" /><testcase classname="backend.tests.e2e.test_generated_api" name="test_integration_chat_sessions_12" time="0.001" /><testcase classname="backend.tests.e2e.test_generated_api" name="test_integration_chat_sessions_13" time="0.001" /><testcase classname="backend.tests.e2e.test_generated_api" name="test_integration_chat_sessions_14" time="0.001" /><testcase classname="backend.tests.e2e.test_generated_api" name="test_integration_chat_sessions_15" time="0.001" /><testcase classname="backend.tests.e2e.test_generated_api" name="test_integration_chat_sessions_16" time="0.001" /><testcase classname="backend.tests.e2e.test_generated_api" name="test_integration_chat_sessions_17" time="0.001" /><testcase classname="backend.tests.e2e.test_generated_api" name="test_integration_chat_sessions_18" time="0.001" /><testcase classname="backend.tests.e2e.test_generated_api" name="test_integration_chat_sessions_19" time="0.001" /><testcase classname="backend.tests.e2e.test_generated_api" name="test_integration_chat_sessions_20" time="0.001" /><testcase classname="backend.tests.e2e.test_generated_api" name="test_integration_chat_sessions_21" time="0.001" /><testcase classname="backend.tests.e2e.test_generated_api" name="test_integration_chat_sessions_22" time="0.001" /><testcase classname="backend.tests.e2e.test_generated_api" name="test_integration_chat_sessions_23" time="0.001" /><testcase classname="backend.tests.e2e.test_generated_api" name="test_integration_chat_sessions_24" time="0.001" /><testcase classname="backend.tests.e2e.test_generated_api" name="test_integration_chat_sessions_25" time="0.001" /><testcase classname="backend.tests.e2e.test_generated_api" name="test_integration_chat_sessions_26" time="0.001" /><testcase classname="backend.tests.e2e.test_generated_api" name="test_integration_chat_sessions_27" time="0.001" /><testcase classname="backend.tests.e2e.test_generated_api" name="test_integration_chat_sessions_28" time="0.001" /><testcase classname="backend.tests.e2e.test_generated_api" name="test_integration_chat_sessions_29" time="0.001" /><testcase classname="backend.tests.e2e.test_generated_api" name="test_integration_chat_sessions_30" time="0.001" /><testcase classname="backend.tests.e2e.test_generated_api" name="test_integration_chat_sessions_31" time="0.001" /><testcase classname="backend.tests.e2e.test_generated_api" name="test_integration_chat_sessions_32" time="0.001" /><testcase classname="backend.tests.e2e.test_generated_api" name="test_integration_chat_sessions_33" time="0.001" /><testcase classname="backend.tests.e2e.test_generated_api" name="test_integration_chat_sessions_34" time="0.001" /><testcase classname="backend.tests.e2e.test_generated_api" name="test_integration_chat_sessions_35" time="0.001" /><testcase classname="backend.tests.e2e.test_generated_api" name="test_integration_chat_sessions_36" time="0.001" /><testcase classname="backend.tests.e2e.test_generated_api" name="test_integration_chat_sessions_37" time="0.001" /><testcase classname="backend.tests.e2e.test_generated_api" name="test_integration_chat_sessions_38" time="0.001" /><testcase classname="backend.tests.e2e.test_generated_api" name="test_integration_chat_sessions_39" time="0.001" /><testcase classname="backend.tests.e2e.test_generated_api" name="test_integration_chat_sessions_40" time="0.001" /><testcase classname="backend.tests.e2e.test_generated_api" name="test_integration_chat_sessions_41" time="0.001" /><testcase classname="backend.tests.e2e.test_generated_api" name="test_integration_chat_sessions_42" time="0.001" /><testcase classname="backend.tests.e2e.test_generated_api" name="test_integration_chat_sessions_43" time="0.001" /><testcase classname="backend.tests.e2e.test_generated_api" name="test_integration_chat_sessions_44" time="0.001" /><testcase classname="backend.tests.e2e.test_generated_api" name="test_integration_chat_sessions_45" time="0.001" /><testcase classname="backend.tests.e2e.test_generated_api" name="test_integration_chat_sessions_46" time="0.001" /><testcase classname="backend.tests.e2e.test_generated_api" name="test_integration_chat_sessions_47" time="0.001" /><testcase classname="backend.tests.e2e.test_generated_api" name="test_integration_chat_sessions_48" time="0.001" /><testcase classname="backend.tests.e2e.test_generated_api" name="test_integration_chat_sessions_49" time="0.001" /><testcase classname="backend.tests.e2e.test_generated_api" name="test_integration_chat_sessions_50" time="0.001" /><testcase classname="backend.tests.e2e.test_generated_api" name="test_integration_chat_sessions_51" time="0.001" /><testcase classname="backend.tests.e2e.test_generated_api" name="test_integration_chat_sessions_52" time="0.001" /><testcase classname="backend.tests.e2e.test_generated_api" name="test_integration_chat_sessions_53" time="0.001" /><testcase classname="backend.tests.e2e.test_generated_api" name="test_integration_chat_sessions_54" time="0.001" /><testcase classname="backend.tests.e2e.test_generated_api" name="test_integration_chat_sessions_55" time="0.001" /><testcase classname="backend.tests.e2e.test_generated_api" name="test_integration_chat_sessions_56" time="0.001" /><testcase classname="backend.tests.e2e.test_generated_api" name="test_integration_chat_sessions_57" time="0.001" /><testcase classname="backend.tests.e2e.test_generated_api" name="test_integration_chat_sessions_58" time="0.001" /><testcase classname="backend.tests.e2e.test_generated_api" name="test_integration_chat_sessions_59" time="0.001" /><testcase classname="backend.tests.e2e.test_generated_api" name="test_integration_chat_sessions_60" time="0.001" /><testcase classname="backend.tests.e2e.test_generated_api" name="test_integration_chat_sessions_61" time="0.001" /><testcase classname="backend.tests.e2e.test_generated_api" name="test_integration_chat_sessions_62" time="0.001" /><testcase classname="backend.tests.e2e.test_generated_api" name="test_integration_chat_sessions_63" time="0.001" /><testcase classname="backend.tests.e2e.test_generated_api" name="test_integration_chat_sessions_64" time="0.001" /><testcase classname="backend.tests.e2e.test_generated_api" name="test_integration_chat_sessions_65" time="0.001" /><testcase classname="backend.tests.e2e.test_generated_api" name="test_integration_chat_sessions_66" time="0.001" /><testcase classname="backend.tests.e2e.test_generated_api" name="test_integration_chat_sessions_67" time="0.001" /><testcase classname="backend.tests.e2e.test_generated_api" name="test_integration_chat_sessions_68" time="0.001" /><testcase classname="backend.tests.e2e.test_generated_api" name="test_integration_chat_sessions_69" time="0.001" /><testcase classname="backend.tests.e2e.test_generated_api" name="test_integration_chat_sessions_70" time="0.001" /><testcase classname="backend.tests.e2e.test_generated_api" name="test_integration_chat_sessions_71" time="0.001" /><testcase classname="backend.tests.e2e.test_generated_api" name="test_integration_chat_sessions_72" time="0.001" /><testcase classname="backend.tests.e2e.test_generated_api" name="test_integration_chat_sessions_73" time="0.001" /><testcase classname="backend.tests.e2e.test_generated_api" name="test_integration_chat_sessions_74" time="0.001" /><testcase classname="backend.tests.e2e.test_generated_api" name="test_integration_chat_sessions_75" time="0.001" /><testcase classname="backend.tests.e2e.test_generated_api" name="test_integration_chat_sessions_76" time="0.001" /><testcase classname="backend.tests.e2e.test_generated_api" name="test_integration_chat_sessions_77" time="0.001" /><testcase classname="backend.tests.e2e.test_generated_api" name="test_integration_chat_sessions_78" time="0.001" /><testcase classname="backend.tests.e2e.test_generated_api" name="test_integration_chat_sessions_79" time="0.001" /><testcase classname="backend.tests.e2e.test_generated_api" name="test_integration_chat_sessions_80" time="0.001" /><testcase classname="backend.tests.e2e.test_generated_api" name="test_integration_chat_sessions_81" time="0.001" /><testcase classname="backend.tests.e2e.test_generated_api" name="test_integration_chat_sessions_82" time="0.001" /><testcase classname="backend.tests.e2e.test_generated_api" name="test_integration_chat_sessions_83" time="0.001" /><testcase classname="backend.tests.e2e.test_generated_api" name="test_integration_chat_sessions_84" time="0.001" /><testcase classname="backend.tests.e2e.test_generated_api" name="test_integration_chat_sessions_85" time="0.001" /><testcase classname="backend.tests.e2e.test_generated_api" name="test_integration_chat_sessions_86" time="0.002" /><testcase classname="backend.tests.e2e.test_generated_api" name="test_integration_chat_sessions_87" time="0.001" /><testcase classname="backend.tests.e2e.test_generated_api" name="test_integration_chat_sessions_88" time="0.002" /><testcase classname="backend.tests.e2e.test_generated_api" name="test_integration_chat_sessions_89" time="0.001" /><testcase classname="backend.tests.e2e.test_generated_api" name="test_integration_chat_sessions_90" time="0.001" /><testcase classname="backend.tests.e2e.test_generated_api" name="test_integration_chat_sessions_91" time="0.001" /><testcase classname="backend.tests.e2e.test_generated_api" name="test_integration_chat_sessions_92" time="0.001" /><testcase classname="backend.tests.e2e.test_generated_api" name="test_integration_chat_sessions_93" time="0.001" /><testcase classname="backend.tests.e2e.test_generated_api" name="test_integration_chat_sessions_94" time="0.001" /><testcase classname="backend.tests.e2e.test_generated_api" name="test_integration_chat_sessions_95" time="0.001" /><testcase classname="backend.tests.e2e.test_generated_api" name="test_integration_chat_sessions_96" time="0.001" /><testcase classname="backend.tests.e2e.test_generated_api" name="test_integration_chat_sessions_97" time="0.001" /><testcase classname="backend.tests.e2e.test_generated_api" name="test_integration_chat_sessions_98" time="0.001" /><testcase classname="backend.tests.e2e.test_generated_api" name="test_integration_chat_sessions_99" time="0.001" /><testcase classname="backend.tests.e2e.test_generated_api" name="test_integration_chat_sessions_100" time="0.001" /><testcase classname="backend.tests.e2e.test_generated_api" name="test_integration_chat_sessions_101" time="0.001" /><testcase classname="backend.tests.e2e.test_generated_api" name="test_integration_chat_sessions_102" time="0.001" /><testcase classname="backend.tests.e2e.test_generated_api" name="test_integration_chat_sessions_103" time="0.001" /><testcase classname="backend.tests.e2e.test_generated_api" name="test_integration_chat_sessions_104" time="0.001" /><testcase classname="backend.tests.e2e.test_generated_api" name="test_integration_chat_sessions_105" time="0.001" /><testcase classname="backend.tests.e2e.test_generated_api" name="test_integration_chat_sessions_106" time="0.001" /><testcase classname="backend.tests.e2e.test_generated_api" name="test_integration_chat_sessions_107" time="0.001" /><testcase classname="backend.tests.e2e.test_generated_api" name="test_integration_chat_sessions_108" time="0.001" /><testcase classname="backend.tests.e2e.test_generated_api" name="test_integration_chat_sessions_109" time="0.001" /><testcase classname="backend.tests.e2e.test_generated_api" name="test_integration_chat_sessions_110" time="0.001" /><testcase classname="backend.tests.e2e.test_generated_api" name="test_integration_chat_sessions_111" time="0.001" /><testcase classname="backend.tests.e2e.test_generated_api" name="test_integration_chat_sessions_112" time="0.001" /><testcase classname="backend.tests.e2e.test_generated_api" name="test_integration_chat_sessions_113" time="0.001" /><testcase classname="backend.tests.e2e.test_generated_api" name="test_integration_chat_sessions_114" time="0.001" /><testcase classname="backend.tests.e2e.test_generated_api" name="test_integration_chat_sessions_115" time="0.001" /><testcase classname="backend.tests.e2e.test_generated_api" name="test_integration_chat_sessions_116" time="0.001" /><testcase classname="backend.tests.e2e.test_generated_api" name="test_integration_chat_sessions_117" time="0.001" /><testcase classname="backend.tests.e2e.test_generated_api" name="test_integration_chat_sessions_118" time="0.001" /><testcase classname="backend.tests.e2e.test_generated_api" name="test_integration_chat_sessions_119" time="0.001" /><testcase classname="backend.tests.e2e.test_generated_api" name="test_integration_chat_sessions_120" time="0.001" /><testcase classname="backend.tests.e2e.test_generated_api" name="test_integration_chat_sessions_121" time="0.001" /><testcase classname="backend.tests.e2e.test_generated_api" name="test_integration_chat_sessions_122" time="0.001" /><testcase classname="backend.tests.e2e.test_generated_api" name="test_integration_chat_sessions_123" time="0.001" /><testcase classname="backend.tests.e2e.test_generated_api" name="test_integration_chat_sessions_124" time="0.001" /><testcase classname="backend.tests.e2e.test_generated_api" name="test_integration_chat_sessions_125" time="0.001" /><testcase classname="backend.tests.e2e.test_generated_api" name="test_integration_chat_sessions_126" time="0.001" /><testcase classname="backend.tests.e2e.test_generated_api" name="test_integration_chat_sessions_127" time="0.001" /><testcase classname="backend.tests.e2e.test_generated_api" name="test_integration_chat_sessions_128" time="0.001" /><testcase classname="backend.tests.e2e.test_generated_api" name="test_integration_chat_sessions_129" time="0.001" /><testcase classname="backend.tests.e2e.test_generated_api" name="test_integration_chat_sessions_130" time="0.001" /><testcase classname="backend.tests.e2e.test_generated_api" name="test_integration_chat_sessions_131" time="0.001" /><testcase classname="backend.tests.e2e.test_generated_api" name="test_integration_chat_sessions_132" time="0.001" /><testcase classname="backend.tests.e2e.test_generated_api" name="test_integration_chat_sessions_133" time="0.001" /><testcase classname="backend.tests.e2e.test_generated_api" name="test_integration_dashboard_get_1" time="0.001" /><testcase classname="backend.tests.e2e.test_generated_api" name="test_integration_dashboard_get_2" time="0.001" /><testcase classname="backend.tests.e2e.test_generated_api" name="test_integration_dashboard_get_3" time="0.001" /><testcase classname="backend.tests.e2e.test_generated_api" name="test_integration_dashboard_get_4" time="0.001" /><testcase classname="backend.tests.e2e.test_generated_api" name="test_integration_dashboard_get_5" time="0.001" /><testcase classname="backend.tests.e2e.test_generated_api" name="test_integration_dashboard_get_6" time="0.001" /><testcase classname="backend.tests.e2e.test_generated_api" name="test_integration_dashboard_get_7" time="0.001" /><testcase classname="backend.tests.e2e.test_generated_api" name="test_integration_dashboard_get_8" time="0.001" /><testcase classname="backend.tests.e2e.test_generated_api" name="test_integration_dashboard_get_9" time="0.001" /><testcase classname="backend.tests.e2e.test_generated_api" name="test_integration_dashboard_get_10" time="0.001" /><testcase classname="backend.tests.e2e.test_generated_api" name="test_integration_dashboard_get_11" time="0.001" /><testcase classname="backend.tests.e2e.test_generated_api" name="test_integration_dashboard_get_12" time="0.001" /><testcase classname="backend.tests.e2e.test_generated_api" name="test_integration_dashboard_get_13" time="0.001" /><testcase classname="backend.tests.e2e.test_generated_api" name="test_integration_dashboard_get_14" time="0.001" /><testcase classname="backend.tests.e2e.test_generated_api" name="test_integration_dashboard_get_15" time="0.001" /><testcase classname="backend.tests.e2e.test_generated_api" name="test_integration_dashboard_get_16" time="0.001" /><testcase classname="backend.tests.e2e.test_generated_api" name="test_integration_dashboard_get_17" time="0.001" /><testcase classname="backend.tests.e2e.test_generated_api" name="test_integration_dashboard_get_18" time="0.001" /><testcase classname="backend.tests.e2e.test_generated_api" name="test_integration_dashboard_get_19" time="0.001" /><testcase classname="backend.tests.e2e.test_generated_api" name="test_integration_dashboard_get_20" time="0.001" /><testcase classname="backend.tests.e2e.test_generated_api" name="test_integration_dashboard_get_21" time="0.001" /><testcase classname="backend.tests.e2e.test_generated_api" name="test_integration_dashboard_get_22" time="0.001" /><testcase classname="backend.tests.e2e.test_generated_api" name="test_integration_dashboard_get_23" time="0.001" /><testcase classname="backend.tests.e2e.test_generated_api" name="test_integration_dashboard_get_24" time="0.001" /><testcase classname="backend.tests.e2e.test_generated_api" name="test_integration_dashboard_get_25" time="0.001" /><testcase classname="backend.tests.e2e.test_generated_api" name="test_integration_dashboard_get_26" time="0.001" /><testcase classname="backend.tests.e2e.test_generated_api" name="test_integration_dashboard_get_27" time="0.001" /><testcase classname="backend.tests.e2e.test_generated_api" name="test_integration_dashboard_get_28" time="0.001" /><testcase classname="backend.tests.e2e.test_generated_api" name="test_integration_dashboard_get_29" time="0.001" /><testcase classname="backend.tests.e2e.test_generated_api" name="test_integration_dashboard_get_30" time="0.001" /><testcase classname="backend.tests.e2e.test_generated_api" name="test_integration_dashboard_get_31" time="0.001" /><testcase classname="backend.tests.e2e.test_generated_api" name="test_integration_dashboard_get_32" time="0.001" /><testcase classname="backend.tests.e2e.test_generated_api" name="test_integration_dashboard_get_33" time="0.001" /><testcase classname="backend.tests.e2e.test_generated_api" name="test_integration_dashboard_get_34" time="0.001" /><testcase classname="backend.tests.e2e.test_generated_api" name="test_integration_dashboard_get_35" time="0.001" /><testcase classname="backend.tests.e2e.test_generated_api" name="test_integration_dashboard_get_36" time="0.001" /><testcase classname="backend.tests.e2e.test_generated_api" name="test_integration_dashboard_get_37" time="0.001" /><testcase classname="backend.tests.e2e.test_generated_api" name="test_integration_dashboard_get_38" time="0.001" /><testcase classname="backend.tests.e2e.test_generated_api" name="test_integration_dashboard_get_39" time="0.001" /><testcase classname="backend.tests.e2e.test_generated_api" name="test_integration_dashboard_get_40" time="0.001" /><testcase classname="backend.tests.e2e.test_generated_api" name="test_integration_dashboard_get_41" time="0.001" /><testcase classname="backend.tests.e2e.test_generated_api" name="test_integration_dashboard_get_42" time="0.001" /><testcase classname="backend.tests.e2e.test_generated_api" name="test_integration_dashboard_get_43" time="0.001" /><testcase classname="backend.tests.e2e.test_generated_api" name="test_integration_dashboard_get_44" time="0.001" /><testcase classname="backend.tests.e2e.test_generated_api" name="test_integration_dashboard_get_45" time="0.001" /><testcase classname="backend.tests.e2e.test_generated_api" name="test_integration_dashboard_get_46" time="0.001" /><testcase classname="backend.tests.e2e.test_generated_api" name="test_integration_dashboard_get_47" time="0.001" /><testcase classname="backend.tests.e2e.test_generated_api" name="test_integration_dashboard_get_48" time="0.001" /><testcase classname="backend.tests.e2e.test_generated_api" name="test_integration_dashboard_get_49" time="0.001" /><testcase classname="backend.tests.e2e.test_generated_api" name="test_integration_dashboard_get_50" time="0.001" /><testcase classname="backend.tests.e2e.test_generated_api" name="test_integration_dashboard_get_51" time="0.001" /><testcase classname="backend.tests.e2e.test_generated_api" name="test_integration_dashboard_get_52" time="0.001" /><testcase classname="backend.tests.e2e.test_generated_api" name="test_integration_dashboard_get_53" time="0.001" /><testcase classname="backend.tests.e2e.test_generated_api" name="test_integration_dashboard_get_54" time="0.001" /><testcase classname="backend.tests.e2e.test_generated_api" name="test_integration_dashboard_get_55" time="0.001" /><testcase classname="backend.tests.e2e.test_generated_api" name="test_integration_dashboard_get_56" time="0.001" /><testcase classname="backend.tests.e2e.test_generated_api" name="test_integration_dashboard_get_57" time="0.001" /><testcase classname="backend.tests.e2e.test_generated_api" name="test_integration_dashboard_get_58" time="0.001" /><testcase classname="backend.tests.e2e.test_generated_api" name="test_integration_dashboard_get_59" time="0.001" /><testcase classname="backend.tests.e2e.test_generated_api" name="test_integration_dashboard_get_60" time="0.001" /><testcase classname="backend.tests.e2e.test_generated_api" name="test_integration_dashboard_get_61" time="0.001" /><testcase classname="backend.tests.e2e.test_generated_api" name="test_integration_dashboard_get_62" time="0.001" /><testcase classname="backend.tests.e2e.test_generated_api" name="test_integration_dashboard_get_63" time="0.001" /><testcase classname="backend.tests.e2e.test_generated_api" name="test_integration_dashboard_get_64" time="0.001" /><testcase classname="backend.tests.e2e.test_generated_api" name="test_integration_dashboard_get_65" time="0.001" /><testcase classname="backend.tests.e2e.test_generated_api" name="test_integration_dashboard_get_66" time="0.001" /><testcase classname="backend.tests.e2e.test_generated_api" name="test_integration_dashboard_get_67" time="0.001" /><testcase classname="backend.tests.e2e.test_generated_api" name="test_integration_dashboard_get_68" time="0.001" /><testcase classname="backend.tests.e2e.test_generated_api" name="test_integration_dashboard_get_69" time="0.001" /><testcase classname="backend.tests.e2e.test_generated_api" name="test_integration_dashboard_get_70" time="0.001" /><testcase classname="backend.tests.e2e.test_generated_api" name="test_integration_dashboard_get_71" time="0.001" /><testcase classname="backend.tests.e2e.test_generated_api" name="test_integration_dashboard_get_72" time="0.001" /><testcase classname="backend.tests.e2e.test_generated_api" name="test_integration_dashboard_get_73" time="0.001" /><testcase classname="backend.tests.e2e.test_generated_api" name="test_integration_dashboard_get_74" time="0.001" /><testcase classname="backend.tests.e2e.test_generated_api" name="test_integration_dashboard_get_75" time="0.001" /><testcase classname="backend.tests.e2e.test_generated_api" name="test_integration_dashboard_get_76" time="0.001" /><testcase classname="backend.tests.e2e.test_generated_api" name="test_integration_dashboard_get_77" time="0.001" /><testcase classname="backend.tests.e2e.test_generated_api" name="test_integration_dashboard_get_78" time="0.001" /><testcase classname="backend.tests.e2e.test_generated_api" name="test_integration_dashboard_get_79" time="0.001" /><testcase classname="backend.tests.e2e.test_generated_api" name="test_integration_dashboard_get_80" time="0.001" /><testcase classname="backend.tests.e2e.test_generated_api" name="test_integration_dashboard_get_81" time="0.001" /><testcase classname="backend.tests.e2e.test_generated_api" name="test_integration_dashboard_get_82" time="0.001" /><testcase classname="backend.tests.e2e.test_generated_api" name="test_integration_dashboard_get_83" time="0.001" /><testcase classname="backend.tests.e2e.test_generated_api" name="test_integration_dashboard_get_84" time="0.001" /><testcase classname="backend.tests.e2e.test_generated_api" name="test_integration_dashboard_get_85" time="0.001" /><testcase classname="backend.tests.e2e.test_generated_api" name="test_integration_dashboard_get_86" time="0.001" /><testcase classname="backend.tests.e2e.test_generated_api" name="test_integration_dashboard_get_87" time="0.001" /><testcase classname="backend.tests.e2e.test_generated_api" name="test_integration_dashboard_get_88" time="0.001" /><testcase classname="backend.tests.e2e.test_generated_api" name="test_integration_dashboard_get_89" time="0.001" /><testcase classname="backend.tests.e2e.test_generated_api" name="test_integration_dashboard_get_90" time="0.001" /><testcase classname="backend.tests.e2e.test_generated_api" name="test_integration_dashboard_get_91" time="0.001" /><testcase classname="backend.tests.e2e.test_generated_api" name="test_integration_dashboard_get_92" time="0.001" /><testcase classname="backend.tests.e2e.test_generated_api" name="test_integration_dashboard_get_93" time="0.001" /><testcase classname="backend.tests.e2e.test_generated_api" name="test_integration_dashboard_get_94" time="0.001" /><testcase classname="backend.tests.e2e.test_generated_api" name="test_integration_dashboard_get_95" time="0.001" /><testcase classname="backend.tests.e2e.test_generated_api" name="test_integration_dashboard_get_96" time="0.001" /><testcase classname="backend.tests.e2e.test_generated_api" name="test_integration_dashboard_get_97" time="0.001" /><testcase classname="backend.tests.e2e.test_generated_api" name="test_integration_dashboard_get_98" time="0.001" /><testcase classname="backend.tests.e2e.test_generated_api" name="test_integration_dashboard_get_99" time="0.001" /><testcase classname="backend.tests.e2e.test_generated_api" name="test_integration_dashboard_get_100" time="0.001" /><testcase classname="backend.tests.e2e.test_generated_api" name="test_integration_dashboard_get_101" time="0.001" /><testcase classname="backend.tests.e2e.test_generated_api" name="test_integration_dashboard_get_102" time="0.001" /><testcase classname="backend.tests.e2e.test_generated_api" name="test_integration_dashboard_get_103" time="0.001" /><testcase classname="backend.tests.e2e.test_generated_api" name="test_integration_dashboard_get_104" time="0.001" /><testcase classname="backend.tests.e2e.test_generated_api" name="test_integration_dashboard_get_105" time="0.001" /><testcase classname="backend.tests.e2e.test_generated_api" name="test_integration_dashboard_get_106" time="0.001" /><testcase classname="backend.tests.e2e.test_generated_api" name="test_integration_dashboard_get_107" time="0.001" /><testcase classname="backend.tests.e2e.test_generated_api" name="test_integration_dashboard_get_108" time="0.001" /><testcase classname="backend.tests.e2e.test_generated_api" name="test_integration_dashboard_get_109" time="0.001" /><testcase classname="backend.tests.e2e.test_generated_api" name="test_integration_dashboard_get_110" time="0.001" /><testcase classname="backend.tests.e2e.test_generated_api" name="test_integration_dashboard_get_111" time="0.001" /><testcase classname="backend.tests.e2e.test_generated_api" name="test_integration_dashboard_get_112" time="0.001" /><testcase classname="backend.tests.e2e.test_generated_api" name="test_integration_dashboard_get_113" time="0.001" /><testcase classname="backend.tests.e2e.test_generated_api" name="test_integration_dashboard_get_114" time="0.001" /><testcase classname="backend.tests.e2e.test_generated_api" name="test_integration_dashboard_get_115" time="0.001" /><testcase classname="backend.tests.e2e.test_generated_api" name="test_integration_dashboard_get_116" time="0.001" /><testcase classname="backend.tests.e2e.test_generated_api" name="test_integration_dashboard_get_117" time="0.001" /><testcase classname="backend.tests.e2e.test_generated_api" name="test_integration_dashboard_get_118" time="0.001" /><testcase classname="backend.tests.e2e.test_generated_api" name="test_integration_dashboard_get_119" time="0.001" /><testcase classname="backend.tests.e2e.test_generated_api" name="test_integration_dashboard_get_120" time="0.001" /><testcase classname="backend.tests.e2e.test_generated_api" name="test_integration_dashboard_get_121" time="0.001" /><testcase classname="backend.tests.e2e.test_generated_api" name="test_integration_dashboard_get_122" time="0.001" /><testcase classname="backend.tests.e2e.test_generated_api" name="test_integration_dashboard_get_123" time="0.001" /><testcase classname="backend.tests.e2e.test_generated_api" name="test_integration_dashboard_get_124" time="0.001" /><testcase classname="backend.tests.e2e.test_generated_api" name="test_integration_dashboard_get_125" time="0.001" /><testcase classname="backend.tests.e2e.test_generated_api" name="test_integration_dashboard_get_126" time="0.001" /><testcase classname="backend.tests.e2e.test_generated_api" name="test_integration_dashboard_get_127" time="0.001" /><testcase classname="backend.tests.e2e.test_generated_api" name="test_integration_dashboard_get_128" time="0.001" /><testcase classname="backend.tests.e2e.test_generated_api" name="test_integration_dashboard_get_129" time="0.001" /><testcase classname="backend.tests.e2e.test_generated_api" name="test_integration_dashboard_get_130" time="0.001" /><testcase classname="backend.tests.e2e.test_generated_api" name="test_integration_dashboard_get_131" time="0.001" /><testcase classname="backend.tests.e2e.test_generated_api" name="test_integration_dashboard_get_132" time="0.001" /><testcase classname="backend.tests.e2e.test_generated_api" name="test_integration_dashboard_get_133" time="0.001" /><testcase classname="backend.tests.e2e.test_generated_api" name="test_integration_health_score_1" time="0.001" /><testcase classname="backend.tests.e2e.test_generated_api" name="test_integration_health_score_2" time="0.001" /><testcase classname="backend.tests.e2e.test_generated_api" name="test_integration_health_score_3" time="0.001" /><testcase classname="backend.tests.e2e.test_generated_api" name="test_integration_health_score_4" time="0.001" /><testcase classname="backend.tests.e2e.test_generated_api" name="test_integration_health_score_5" time="0.001" /><testcase classname="backend.tests.e2e.test_generated_api" name="test_integration_health_score_6" time="0.001" /><testcase classname="backend.tests.e2e.test_generated_api" name="test_integration_health_score_7" time="0.001" /><testcase classname="backend.tests.e2e.test_generated_api" name="test_integration_health_score_8" time="0.001" /><testcase classname="backend.tests.e2e.test_generated_api" name="test_integration_health_score_9" time="0.001" /><testcase classname="backend.tests.e2e.test_generated_api" name="test_integration_health_score_10" time="0.001" /><testcase classname="backend.tests.e2e.test_generated_api" name="test_integration_health_score_11" time="0.001" /><testcase classname="backend.tests.e2e.test_generated_api" name="test_integration_health_score_12" time="0.001" /><testcase classname="backend.tests.e2e.test_generated_api" name="test_integration_health_score_13" time="0.001" /><testcase classname="backend.tests.e2e.test_generated_api" name="test_integration_health_score_14" time="0.001" /><testcase classname="backend.tests.e2e.test_generated_api" name="test_integration_health_score_15" time="0.001" /><testcase classname="backend.tests.e2e.test_generated_api" name="test_integration_health_score_16" time="0.001" /><testcase classname="backend.tests.e2e.test_generated_api" name="test_integration_health_score_17" time="0.001" /><testcase classname="backend.tests.e2e.test_generated_api" name="test_integration_health_score_18" time="0.001" /><testcase classname="backend.tests.e2e.test_generated_api" name="test_integration_health_score_19" time="0.001" /><testcase classname="backend.tests.e2e.test_generated_api" name="test_integration_health_score_20" time="0.001" /><testcase classname="backend.tests.e2e.test_generated_api" name="test_integration_health_score_21" time="0.001" /><testcase classname="backend.tests.e2e.test_generated_api" name="test_integration_health_score_22" time="0.001" /><testcase classname="backend.tests.e2e.test_generated_api" name="test_integration_health_score_23" time="0.001" /><testcase classname="backend.tests.e2e.test_generated_api" name="test_integration_health_score_24" time="0.001" /><testcase classname="backend.tests.e2e.test_generated_api" name="test_integration_health_score_25" time="0.001" /><testcase classname="backend.tests.e2e.test_generated_api" name="test_integration_health_score_26" time="0.001" /><testcase classname="backend.tests.e2e.test_generated_api" name="test_integration_health_score_27" time="0.001" /><testcase classname="backend.tests.e2e.test_generated_api" name="test_integration_health_score_28" time="0.001" /><testcase classname="backend.tests.e2e.test_generated_api" name="test_integration_health_score_29" time="0.001" /><testcase classname="backend.tests.e2e.test_generated_api" name="test_integration_health_score_30" time="0.001" /><testcase classname="backend.tests.e2e.test_generated_api" name="test_integration_health_score_31" time="0.001" /><testcase classname="backend.tests.e2e.test_generated_api" name="test_integration_health_score_32" time="0.001" /><testcase classname="backend.tests.e2e.test_generated_api" name="test_integration_health_score_33" time="0.001" /><testcase classname="backend.tests.e2e.test_generated_api" name="test_integration_health_score_34" time="0.001" /><testcase classname="backend.tests.e2e.test_generated_api" name="test_integration_health_score_35" time="0.001" /><testcase classname="backend.tests.e2e.test_generated_api" name="test_integration_health_score_36" time="0.001" /><testcase classname="backend.tests.e2e.test_generated_api" name="test_integration_health_score_37" time="0.001" /><testcase classname="backend.tests.e2e.test_generated_api" name="test_integration_health_score_38" time="0.001" /><testcase classname="backend.tests.e2e.test_generated_api" name="test_integration_health_score_39" time="0.001" /><testcase classname="backend.tests.e2e.test_generated_api" name="test_integration_health_score_40" time="0.001" /><testcase classname="backend.tests.e2e.test_generated_api" name="test_integration_health_score_41" time="0.001" /><testcase classname="backend.tests.e2e.test_generated_api" name="test_integration_health_score_42" time="0.001" /><testcase classname="backend.tests.e2e.test_generated_api" name="test_integration_health_score_43" time="0.001" /><testcase classname="backend.tests.e2e.test_generated_api" name="test_integration_health_score_44" time="0.001" /><testcase classname="backend.tests.e2e.test_generated_api" name="test_integration_health_score_45" time="0.001" /><testcase classname="backend.tests.e2e.test_generated_api" name="test_integration_health_score_46" time="0.001" /><testcase classname="backend.tests.e2e.test_generated_api" name="test_integration_health_score_47" time="0.001" /><testcase classname="backend.tests.e2e.test_generated_api" name="test_integration_health_score_48" time="0.001" /><testcase classname="backend.tests.e2e.test_generated_api" name="test_integration_health_score_49" time="0.001" /><testcase classname="backend.tests.e2e.test_generated_api" name="test_integration_health_score_50" time="0.001" /><testcase classname="backend.tests.e2e.test_generated_api" name="test_integration_health_score_51" time="0.001" /><testcase classname="backend.tests.e2e.test_generated_api" name="test_integration_health_score_52" time="0.001" /><testcase classname="backend.tests.e2e.test_generated_api" name="test_integration_health_score_53" time="0.001" /><testcase classname="backend.tests.e2e.test_generated_api" name="test_integration_health_score_54" time="0.001" /><testcase classname="backend.tests.e2e.test_generated_api" name="test_integration_health_score_55" time="0.001" /><testcase classname="backend.tests.e2e.test_generated_api" name="test_integration_health_score_56" time="0.001" /><testcase classname="backend.tests.e2e.test_generated_api" name="test_integration_health_score_57" time="0.001" /><testcase classname="backend.tests.e2e.test_generated_api" name="test_integration_health_score_58" time="0.001" /><testcase classname="backend.tests.e2e.test_generated_api" name="test_integration_health_score_59" time="0.001" /><testcase classname="backend.tests.e2e.test_generated_api" name="test_integration_health_score_60" time="0.001" /><testcase classname="backend.tests.e2e.test_generated_api" name="test_integration_health_score_61" time="0.001" /><testcase classname="backend.tests.e2e.test_generated_api" name="test_integration_health_score_62" time="0.001" /><testcase classname="backend.tests.e2e.test_generated_api" name="test_integration_health_score_63" time="0.001" /><testcase classname="backend.tests.e2e.test_generated_api" name="test_integration_health_score_64" time="0.001" /><testcase classname="backend.tests.e2e.test_generated_api" name="test_integration_health_score_65" time="0.001" /><testcase classname="backend.tests.e2e.test_generated_api" name="test_integration_health_score_66" time="0.001" /><testcase classname="backend.tests.e2e.test_generated_api" name="test_integration_health_score_67" time="0.001" /><testcase classname="backend.tests.e2e.test_generated_api" name="test_integration_health_score_68" time="0.001" /><testcase classname="backend.tests.e2e.test_generated_api" name="test_integration_health_score_69" time="0.001" /><testcase classname="backend.tests.e2e.test_generated_api" name="test_integration_health_score_70" time="0.001" /><testcase classname="backend.tests.e2e.test_generated_api" name="test_integration_health_score_71" time="0.001" /><testcase classname="backend.tests.e2e.test_generated_api" name="test_integration_health_score_72" time="0.001" /><testcase classname="backend.tests.e2e.test_generated_api" name="test_integration_health_score_73" time="0.001" /><testcase classname="backend.tests.e2e.test_generated_api" name="test_integration_health_score_74" time="0.001" /><testcase classname="backend.tests.e2e.test_generated_api" name="test_integration_health_score_75" time="0.001" /><testcase classname="backend.tests.e2e.test_generated_api" name="test_integration_health_score_76" time="0.001" /><testcase classname="backend.tests.e2e.test_generated_api" name="test_integration_health_score_77" time="0.001" /><testcase classname="backend.tests.e2e.test_generated_api" name="test_integration_health_score_78" time="0.001" /><testcase classname="backend.tests.e2e.test_generated_api" name="test_integration_health_score_79" time="0.001" /><testcase classname="backend.tests.e2e.test_generated_api" name="test_integration_health_score_80" time="0.001" /><testcase classname="backend.tests.e2e.test_generated_api" name="test_integration_health_score_81" time="0.001" /><testcase classname="backend.tests.e2e.test_generated_api" name="test_integration_health_score_82" time="0.001" /><testcase classname="backend.tests.e2e.test_generated_api" name="test_integration_health_score_83" time="0.001" /><testcase classname="backend.tests.e2e.test_generated_api" name="test_integration_health_score_84" time="0.001" /><testcase classname="backend.tests.e2e.test_generated_api" name="test_integration_health_score_85" time="0.001" /><testcase classname="backend.tests.e2e.test_generated_api" name="test_integration_health_score_86" time="0.001" /><testcase classname="backend.tests.e2e.test_generated_api" name="test_integration_health_score_87" time="0.001" /><testcase classname="backend.tests.e2e.test_generated_api" name="test_integration_health_score_88" time="0.001" /><testcase classname="backend.tests.e2e.test_generated_api" name="test_integration_health_score_89" time="0.001" /><testcase classname="backend.tests.e2e.test_generated_api" name="test_integration_health_score_90" time="0.001" /><testcase classname="backend.tests.e2e.test_generated_api" name="test_integration_health_score_91" time="0.001" /><testcase classname="backend.tests.e2e.test_generated_api" name="test_integration_health_score_92" time="0.001" /><testcase classname="backend.tests.e2e.test_generated_api" name="test_integration_health_score_93" time="0.001" /><testcase classname="backend.tests.e2e.test_generated_api" name="test_integration_health_score_94" time="0.001" /><testcase classname="backend.tests.e2e.test_generated_api" name="test_integration_health_score_95" time="0.001" /><testcase classname="backend.tests.e2e.test_generated_api" name="test_integration_health_score_96" time="0.001" /><testcase classname="backend.tests.e2e.test_generated_api" name="test_integration_health_score_97" time="0.001" /><testcase classname="backend.tests.e2e.test_generated_api" name="test_integration_health_score_98" time="0.001" /><testcase classname="backend.tests.e2e.test_generated_api" name="test_integration_health_score_99" time="0.001" /><testcase classname="backend.tests.e2e.test_generated_api" name="test_integration_health_score_100" time="0.001" /><testcase classname="backend.tests.e2e.test_generated_api" name="test_integration_health_score_101" time="0.001" /><testcase classname="backend.tests.e2e.test_generated_api" name="test_integration_health_score_102" time="0.001" /><testcase classname="backend.tests.e2e.test_generated_api" name="test_integration_health_score_103" time="0.001" /><testcase classname="backend.tests.e2e.test_generated_api" name="test_integration_health_score_104" time="0.001" /><testcase classname="backend.tests.e2e.test_generated_api" name="test_integration_health_score_105" time="0.001" /><testcase classname="backend.tests.e2e.test_generated_api" name="test_integration_health_score_106" time="0.001" /><testcase classname="backend.tests.e2e.test_generated_api" name="test_integration_health_score_107" time="0.001" /><testcase classname="backend.tests.e2e.test_generated_api" name="test_integration_health_score_108" time="0.001" /><testcase classname="backend.tests.e2e.test_generated_api" name="test_integration_health_score_109" time="0.001" /><testcase classname="backend.tests.e2e.test_generated_api" name="test_integration_health_score_110" time="0.001" /><testcase classname="backend.tests.e2e.test_generated_api" name="test_integration_health_score_111" time="0.001" /><testcase classname="backend.tests.e2e.test_generated_api" name="test_integration_health_score_112" time="0.001" /><testcase classname="backend.tests.e2e.test_generated_api" name="test_integration_health_score_113" time="0.001" /><testcase classname="backend.tests.e2e.test_generated_api" name="test_integration_health_score_114" time="0.001" /><testcase classname="backend.tests.e2e.test_generated_api" name="test_integration_health_score_115" time="0.001" /><testcase classname="backend.tests.e2e.test_generated_api" name="test_integration_health_score_116" time="0.001" /><testcase classname="backend.tests.e2e.test_generated_api" name="test_integration_health_score_117" time="0.001" /><testcase classname="backend.tests.e2e.test_generated_api" name="test_integration_health_score_118" time="0.001" /><testcase classname="backend.tests.e2e.test_generated_api" name="test_integration_health_score_119" time="0.001" /><testcase classname="backend.tests.e2e.test_generated_api" name="test_integration_health_score_120" time="0.001" /><testcase classname="backend.tests.e2e.test_generated_api" name="test_integration_health_score_121" time="0.001" /><testcase classname="backend.tests.e2e.test_generated_api" name="test_integration_health_score_122" time="0.001" /><testcase classname="backend.tests.e2e.test_generated_api" name="test_integration_health_score_123" time="0.001" /><testcase classname="backend.tests.e2e.test_generated_api" name="test_integration_health_score_124" time="0.001" /><testcase classname="backend.tests.e2e.test_generated_api" name="test_integration_health_score_125" time="0.001" /><testcase classname="backend.tests.e2e.test_generated_api" name="test_integration_health_score_126" time="0.001" /><testcase classname="backend.tests.e2e.test_generated_api" name="test_integration_health_score_127" time="0.001" /><testcase classname="backend.tests.e2e.test_generated_api" name="test_integration_health_score_128" time="0.001" /><testcase classname="backend.tests.e2e.test_generated_api" name="test_integration_health_score_129" time="0.001" /><testcase classname="backend.tests.e2e.test_generated_api" name="test_integration_health_score_130" time="0.001" /><testcase classname="backend.tests.e2e.test_generated_api" name="test_integration_health_score_131" time="0.001" /><testcase classname="backend.tests.e2e.test_generated_api" name="test_integration_health_score_132" time="0.001" /><testcase classname="backend.tests.e2e.test_generated_api" name="test_integration_health_score_133" time="0.001" /><testcase classname="backend.tests.e2e.test_generated_api" name="test_integration_health_status_1" time="0.001" /><testcase classname="backend.tests.e2e.test_generated_api" name="test_integration_health_status_2" time="0.001" /><testcase classname="backend.tests.e2e.test_generated_api" name="test_integration_health_status_3" time="0.001" /><testcase classname="backend.tests.e2e.test_generated_api" name="test_integration_health_status_4" time="0.001" /><testcase classname="backend.tests.e2e.test_generated_api" name="test_integration_health_status_5" time="0.001" /><testcase classname="backend.tests.e2e.test_generated_api" name="test_integration_health_status_6" time="0.001" /><testcase classname="backend.tests.e2e.test_generated_api" name="test_integration_health_status_7" time="0.001" /><testcase classname="backend.tests.e2e.test_generated_api" name="test_integration_health_status_8" time="0.001" /><testcase classname="backend.tests.e2e.test_generated_api" name="test_integration_health_status_9" time="0.001" /><testcase classname="backend.tests.e2e.test_generated_api" name="test_integration_health_status_10" time="0.001" /><testcase classname="backend.tests.e2e.test_generated_api" name="test_integration_health_status_11" time="0.001" /><testcase classname="backend.tests.e2e.test_generated_api" name="test_integration_health_status_12" time="0.001" /><testcase classname="backend.tests.e2e.test_generated_api" name="test_integration_health_status_13" time="0.001" /><testcase classname="backend.tests.e2e.test_generated_api" name="test_integration_health_status_14" time="0.001" /><testcase classname="backend.tests.e2e.test_generated_api" name="test_integration_health_status_15" time="0.001" /><testcase classname="backend.tests.e2e.test_generated_api" name="test_integration_health_status_16" time="0.001" /><testcase classname="backend.tests.e2e.test_generated_api" name="test_integration_health_status_17" time="0.001" /><testcase classname="backend.tests.e2e.test_generated_api" name="test_integration_health_status_18" time="0.001" /><testcase classname="backend.tests.e2e.test_generated_api" name="test_integration_health_status_19" time="0.001" /><testcase classname="backend.tests.e2e.test_generated_api" name="test_integration_health_status_20" time="0.001" /><testcase classname="backend.tests.e2e.test_generated_api" name="test_integration_health_status_21" time="0.001" /><testcase classname="backend.tests.e2e.test_generated_api" name="test_integration_health_status_22" time="0.001" /><testcase classname="backend.tests.e2e.test_generated_api" name="test_integration_health_status_23" time="0.001" /><testcase classname="backend.tests.e2e.test_generated_api" name="test_integration_health_status_24" time="0.001" /><testcase classname="backend.tests.e2e.test_generated_api" name="test_integration_health_status_25" time="0.001" /><testcase classname="backend.tests.e2e.test_generated_api" name="test_integration_health_status_26" time="0.001" /><testcase classname="backend.tests.e2e.test_generated_api" name="test_integration_health_status_27" time="0.001" /><testcase classname="backend.tests.e2e.test_generated_api" name="test_integration_health_status_28" time="0.001" /><testcase classname="backend.tests.e2e.test_generated_api" name="test_integration_health_status_29" time="0.001" /><testcase classname="backend.tests.e2e.test_generated_api" name="test_integration_health_status_30" time="0.001" /><testcase classname="backend.tests.e2e.test_generated_api" name="test_integration_health_status_31" time="0.001" /><testcase classname="backend.tests.e2e.test_generated_api" name="test_integration_health_status_32" time="0.001" /><testcase classname="backend.tests.e2e.test_generated_api" name="test_integration_health_status_33" time="0.001" /><testcase classname="backend.tests.e2e.test_generated_api" name="test_integration_health_status_34" time="0.001" /><testcase classname="backend.tests.e2e.test_generated_api" name="test_integration_health_status_35" time="0.001" /><testcase classname="backend.tests.e2e.test_generated_api" name="test_integration_health_status_36" time="0.001" /><testcase classname="backend.tests.e2e.test_generated_api" name="test_integration_health_status_37" time="0.001" /><testcase classname="backend.tests.e2e.test_generated_api" name="test_integration_health_status_38" time="0.001" /><testcase classname="backend.tests.e2e.test_generated_api" name="test_integration_health_status_39" time="0.001" /><testcase classname="backend.tests.e2e.test_generated_api" name="test_integration_health_status_40" time="0.001" /><testcase classname="backend.tests.e2e.test_generated_api" name="test_integration_health_status_41" time="0.001" /><testcase classname="backend.tests.e2e.test_generated_api" name="test_integration_health_status_42" time="0.001" /><testcase classname="backend.tests.e2e.test_generated_api" name="test_integration_health_status_43" time="0.001" /><testcase classname="backend.tests.e2e.test_generated_api" name="test_integration_health_status_44" time="0.001" /><testcase classname="backend.tests.e2e.test_generated_api" name="test_integration_health_status_45" time="0.001" /><testcase classname="backend.tests.e2e.test_generated_api" name="test_integration_health_status_46" time="0.001" /><testcase classname="backend.tests.e2e.test_generated_api" name="test_integration_health_status_47" time="0.001" /><testcase classname="backend.tests.e2e.test_generated_api" name="test_integration_health_status_48" time="0.001" /><testcase classname="backend.tests.e2e.test_generated_api" name="test_integration_health_status_49" time="0.001" /><testcase classname="backend.tests.e2e.test_generated_api" name="test_integration_health_status_50" time="0.001" /><testcase classname="backend.tests.e2e.test_generated_api" name="test_integration_health_status_51" time="0.001" /><testcase classname="backend.tests.e2e.test_generated_api" name="test_integration_health_status_52" time="0.001" /><testcase classname="backend.tests.e2e.test_generated_api" name="test_integration_health_status_53" time="0.001" /><testcase classname="backend.tests.e2e.test_generated_api" name="test_integration_health_status_54" time="0.001" /><testcase classname="backend.tests.e2e.test_generated_api" name="test_integration_health_status_55" time="0.001" /><testcase classname="backend.tests.e2e.test_generated_api" name="test_integration_health_status_56" time="0.001" /><testcase classname="backend.tests.e2e.test_generated_api" name="test_integration_health_status_57" time="0.001" /><testcase classname="backend.tests.e2e.test_generated_api" name="test_integration_health_status_58" time="0.001" /><testcase classname="backend.tests.e2e.test_generated_api" name="test_integration_health_status_59" time="0.001" /><testcase classname="backend.tests.e2e.test_generated_api" name="test_integration_health_status_60" time="0.001" /><testcase classname="backend.tests.e2e.test_generated_api" name="test_integration_health_status_61" time="0.001" /><testcase classname="backend.tests.e2e.test_generated_api" name="test_integration_health_status_62" time="0.001" /><testcase classname="backend.tests.e2e.test_generated_api" name="test_integration_health_status_63" time="0.001" /><testcase classname="backend.tests.e2e.test_generated_api" name="test_integration_health_status_64" time="0.001" /><testcase classname="backend.tests.e2e.test_generated_api" name="test_integration_health_status_65" time="0.001" /><testcase classname="backend.tests.e2e.test_generated_api" name="test_integration_health_status_66" time="0.001" /><testcase classname="backend.tests.e2e.test_generated_api" name="test_integration_health_status_67" time="0.001" /><testcase classname="backend.tests.e2e.test_generated_api" name="test_integration_health_status_68" time="0.001" /><testcase classname="backend.tests.e2e.test_generated_api" name="test_integration_health_status_69" time="0.001" /><testcase classname="backend.tests.e2e.test_generated_api" name="test_integration_health_status_70" time="0.001" /><testcase classname="backend.tests.e2e.test_generated_api" name="test_integration_health_status_71" time="0.001" /><testcase classname="backend.tests.e2e.test_generated_api" name="test_integration_health_status_72" time="0.001" /><testcase classname="backend.tests.e2e.test_generated_api" name="test_integration_health_status_73" time="0.001" /><testcase classname="backend.tests.e2e.test_generated_api" name="test_integration_health_status_74" time="0.001" /><testcase classname="backend.tests.e2e.test_generated_api" name="test_integration_health_status_75" time="0.001" /><testcase classname="backend.tests.e2e.test_generated_api" name="test_integration_health_status_76" time="0.001" /><testcase classname="backend.tests.e2e.test_generated_api" name="test_integration_health_status_77" time="0.001" /><testcase classname="backend.tests.e2e.test_generated_api" name="test_integration_health_status_78" time="0.001" /><testcase classname="backend.tests.e2e.test_generated_api" name="test_integration_health_status_79" time="0.001" /><testcase classname="backend.tests.e2e.test_generated_api" name="test_integration_health_status_80" time="0.001" /><testcase classname="backend.tests.e2e.test_generated_api" name="test_integration_health_status_81" time="0.001" /><testcase classname="backend.tests.e2e.test_generated_api" name="test_integration_health_status_82" time="0.001" /><testcase classname="backend.tests.e2e.test_generated_api" name="test_integration_health_status_83" time="0.001" /><testcase classname="backend.tests.e2e.test_generated_api" name="test_integration_health_status_84" time="0.001" /><testcase classname="backend.tests.e2e.test_generated_api" name="test_integration_health_status_85" time="0.001" /><testcase classname="backend.tests.e2e.test_generated_api" name="test_integration_health_status_86" time="0.001" /><testcase classname="backend.tests.e2e.test_generated_api" name="test_integration_health_status_87" time="0.001" /><testcase classname="backend.tests.e2e.test_generated_api" name="test_integration_health_status_88" time="0.001" /><testcase classname="backend.tests.e2e.test_generated_api" name="test_integration_health_status_89" time="0.001" /><testcase classname="backend.tests.e2e.test_generated_api" name="test_integration_health_status_90" time="0.001" /><testcase classname="backend.tests.e2e.test_generated_api" name="test_integration_health_status_91" time="0.001" /><testcase classname="backend.tests.e2e.test_generated_api" name="test_integration_health_status_92" time="0.001" /><testcase classname="backend.tests.e2e.test_generated_api" name="test_integration_health_status_93" time="0.001" /><testcase classname="backend.tests.e2e.test_generated_api" name="test_integration_health_status_94" time="0.001" /><testcase classname="backend.tests.e2e.test_generated_api" name="test_integration_health_status_95" time="0.001" /><testcase classname="backend.tests.e2e.test_generated_api" name="test_integration_health_status_96" time="0.001" /><testcase classname="backend.tests.e2e.test_generated_api" name="test_integration_health_status_97" time="0.001" /><testcase classname="backend.tests.e2e.test_generated_api" name="test_integration_health_status_98" time="0.001" /><testcase classname="backend.tests.e2e.test_generated_api" name="test_integration_health_status_99" time="0.001" /><testcase classname="backend.tests.e2e.test_generated_api" name="test_integration_health_status_100" time="0.001" /><testcase classname="backend.tests.e2e.test_generated_api" name="test_integration_health_status_101" time="0.001" /><testcase classname="backend.tests.e2e.test_generated_api" name="test_integration_health_status_102" time="0.001" /><testcase classname="backend.tests.e2e.test_generated_api" name="test_integration_health_status_103" time="0.001" /><testcase classname="backend.tests.e2e.test_generated_api" name="test_integration_health_status_104" time="0.001" /><testcase classname="backend.tests.e2e.test_generated_api" name="test_integration_health_status_105" time="0.001" /><testcase classname="backend.tests.e2e.test_generated_api" name="test_integration_health_status_106" time="0.001" /><testcase classname="backend.tests.e2e.test_generated_api" name="test_integration_health_status_107" time="0.001" /><testcase classname="backend.tests.e2e.test_generated_api" name="test_integration_health_status_108" time="0.001" /><testcase classname="backend.tests.e2e.test_generated_api" name="test_integration_health_status_109" time="0.001" /><testcase classname="backend.tests.e2e.test_generated_api" name="test_integration_health_status_110" time="0.001" /><testcase classname="backend.tests.e2e.test_generated_api" name="test_integration_health_status_111" time="0.001" /><testcase classname="backend.tests.e2e.test_generated_api" name="test_integration_health_status_112" time="0.001" /><testcase classname="backend.tests.e2e.test_generated_api" name="test_integration_health_status_113" time="0.001" /><testcase classname="backend.tests.e2e.test_generated_api" name="test_integration_health_status_114" time="0.001" /><testcase classname="backend.tests.e2e.test_generated_api" name="test_integration_health_status_115" time="0.001" /><testcase classname="backend.tests.e2e.test_generated_api" name="test_integration_health_status_116" time="0.001" /><testcase classname="backend.tests.e2e.test_generated_api" name="test_integration_health_status_117" time="0.001" /><testcase classname="backend.tests.e2e.test_generated_api" name="test_integration_health_status_118" time="0.001" /><testcase classname="backend.tests.e2e.test_generated_api" name="test_integration_health_status_119" time="0.001" /><testcase classname="backend.tests.e2e.test_generated_api" name="test_integration_health_status_120" time="0.001" /><testcase classname="backend.tests.e2e.test_generated_api" name="test_integration_health_status_121" time="0.001" /><testcase classname="backend.tests.e2e.test_generated_api" name="test_integration_health_status_122" time="0.001" /><testcase classname="backend.tests.e2e.test_generated_api" name="test_integration_health_status_123" time="0.001" /><testcase classname="backend.tests.e2e.test_generated_api" name="test_integration_health_status_124" time="0.001" /><testcase classname="backend.tests.e2e.test_generated_api" name="test_integration_health_status_125" time="0.001" /><testcase classname="backend.tests.e2e.test_generated_api" name="test_integration_health_status_126" time="0.001" /><testcase classname="backend.tests.e2e.test_generated_api" name="test_integration_health_status_127" time="0.001" /><testcase classname="backend.tests.e2e.test_generated_api" name="test_integration_health_status_128" time="0.001" /><testcase classname="backend.tests.e2e.test_generated_api" name="test_integration_health_status_129" time="0.001" /><testcase classname="backend.tests.e2e.test_generated_api" name="test_integration_health_status_130" time="0.001" /><testcase classname="backend.tests.e2e.test_generated_api" name="test_integration_health_status_131" time="0.001" /><testcase classname="backend.tests.e2e.test_generated_api" name="test_integration_health_status_132" time="0.001" /><testcase classname="backend.tests.e2e.test_generated_api" name="test_integration_health_status_133" time="0.001" /><testcase classname="backend.tests.e2e.test_generated_api" name="test_integration_health_check_1" time="0.012" /><testcase classname="backend.tests.e2e.test_generated_api" name="test_integration_health_check_2" time="0.007" /><testcase classname="backend.tests.e2e.test_generated_api" name="test_integration_health_check_3" time="0.006" /><testcase classname="backend.tests.e2e.test_generated_api" name="test_integration_health_check_4" time="0.007" /><testcase classname="backend.tests.e2e.test_generated_api" name="test_integration_health_check_5" time="0.006" /><testcase classname="backend.tests.e2e.test_generated_api" name="test_integration_health_check_6" time="0.006" /><testcase classname="backend.tests.e2e.test_generated_api" name="test_integration_health_check_7" time="0.007" /><testcase classname="backend.tests.e2e.test_generated_api" name="test_integration_health_check_8" time="0.006" /><testcase classname="backend.tests.e2e.test_generated_api" name="test_integration_health_check_9" time="0.006" /><testcase classname="backend.tests.e2e.test_generated_api" name="test_integration_health_check_10" time="0.006" /><testcase classname="backend.tests.e2e.test_generated_api" name="test_integration_health_check_11" time="0.006" /><testcase classname="backend.tests.e2e.test_generated_api" name="test_integration_health_check_12" time="0.006" /><testcase classname="backend.tests.e2e.test_generated_api" name="test_integration_health_check_13" time="0.007" /><testcase classname="backend.tests.e2e.test_generated_api" name="test_integration_health_check_14" time="0.006" /><testcase classname="backend.tests.e2e.test_generated_api" name="test_integration_health_check_15" time="0.006" /><testcase classname="backend.tests.e2e.test_generated_api" name="test_integration_health_check_16" time="0.007" /><testcase classname="backend.tests.e2e.test_generated_api" name="test_integration_health_check_17" time="0.006" /><testcase classname="backend.tests.e2e.test_generated_api" name="test_integration_health_check_18" time="0.006" /><testcase classname="backend.tests.e2e.test_generated_api" name="test_integration_health_check_19" time="0.006" /><testcase classname="backend.tests.e2e.test_generated_api" name="test_integration_health_check_20" time="0.006" /><testcase classname="backend.tests.e2e.test_generated_api" name="test_integration_health_check_21" time="0.006" /><testcase classname="backend.tests.e2e.test_generated_api" name="test_integration_health_check_22" time="0.006" /><testcase classname="backend.tests.e2e.test_generated_api" name="test_integration_health_check_23" time="0.006" /><testcase classname="backend.tests.e2e.test_generated_api" name="test_integration_health_check_24" time="0.006" /><testcase classname="backend.tests.e2e.test_generated_api" name="test_integration_health_check_25" time="0.007" /><testcase classname="backend.tests.e2e.test_generated_api" name="test_integration_health_check_26" time="0.006" /><testcase classname="backend.tests.e2e.test_generated_api" name="test_integration_health_check_27" time="0.006" /><testcase classname="backend.tests.e2e.test_generated_api" name="test_integration_health_check_28" time="0.006" /><testcase classname="backend.tests.e2e.test_generated_api" name="test_integration_health_check_29" time="0.006" /><testcase classname="backend.tests.e2e.test_generated_api" name="test_integration_health_check_30" time="0.006" /><testcase classname="backend.tests.e2e.test_generated_api" name="test_integration_health_check_31" time="0.007" /><testcase classname="backend.tests.e2e.test_generated_api" name="test_integration_health_check_32" time="0.006" /><testcase classname="backend.tests.e2e.test_generated_api" name="test_integration_health_check_33" time="0.006" /><testcase classname="backend.tests.e2e.test_generated_api" name="test_integration_health_check_34" time="0.007" /><testcase classname="backend.tests.e2e.test_generated_api" name="test_integration_health_check_35" time="0.006" /><testcase classname="backend.tests.e2e.test_generated_api" name="test_integration_health_check_36" time="0.006" /><testcase classname="backend.tests.e2e.test_generated_api" name="test_integration_health_check_37" time="0.007" /><testcase classname="backend.tests.e2e.test_generated_api" name="test_integration_health_check_38" time="0.006" /><testcase classname="backend.tests.e2e.test_generated_api" name="test_integration_health_check_39" time="0.006" /><testcase classname="backend.tests.e2e.test_generated_api" name="test_integration_health_check_40" time="0.006" /><testcase classname="backend.tests.e2e.test_generated_api" name="test_integration_health_check_41" time="0.007" /><testcase classname="backend.tests.e2e.test_generated_api" name="test_integration_health_check_42" time="0.006" /><testcase classname="backend.tests.e2e.test_generated_api" name="test_integration_health_check_43" time="0.006" /><testcase classname="backend.tests.e2e.test_generated_api" name="test_integration_health_check_44" time="0.006" /><testcase classname="backend.tests.e2e.test_generated_api" name="test_integration_health_check_45" time="0.006" /><testcase classname="backend.tests.e2e.test_generated_api" name="test_integration_health_check_46" time="0.006" /><testcase classname="backend.tests.e2e.test_generated_api" name="test_integration_health_check_47" time="0.006" /><testcase classname="backend.tests.e2e.test_generated_api" name="test_integration_health_check_48" time="0.006" /><testcase classname="backend.tests.e2e.test_generated_api" name="test_integration_health_check_49" time="0.006" /><testcase classname="backend.tests.e2e.test_generated_api" name="test_integration_health_check_50" time="0.006" /><testcase classname="backend.tests.e2e.test_generated_api" name="test_integration_health_check_51" time="0.006" /><testcase classname="backend.tests.e2e.test_generated_api" name="test_integration_health_check_52" time="0.006" /><testcase classname="backend.tests.e2e.test_generated_api" name="test_integration_health_check_53" time="0.005" /><testcase classname="backend.tests.e2e.test_generated_api" name="test_integration_health_check_54" time="0.006" /><testcase classname="backend.tests.e2e.test_generated_api" name="test_integration_health_check_55" time="0.007" /><testcase classname="backend.tests.e2e.test_generated_api" name="test_integration_health_check_56" time="0.006" /><testcase classname="backend.tests.e2e.test_generated_api" name="test_integration_health_check_57" time="0.006" /><testcase classname="backend.tests.e2e.test_generated_api" name="test_integration_health_check_58" time="0.006" /><testcase classname="backend.tests.e2e.test_generated_api" name="test_integration_health_check_59" time="0.006" /><testcase classname="backend.tests.e2e.test_generated_api" name="test_integration_health_check_60" time="0.006" /><testcase classname="backend.tests.e2e.test_generated_api" name="test_integration_health_check_61" time="0.006" /><testcase classname="backend.tests.e2e.test_generated_api" name="test_integration_health_check_62" time="0.006" /><testcase classname="backend.tests.e2e.test_generated_api" name="test_integration_health_check_63" time="0.006" /><testcase classname="backend.tests.e2e.test_generated_api" name="test_integration_health_check_64" time="0.006" /><testcase classname="backend.tests.e2e.test_generated_api" name="test_integration_health_check_65" time="0.007" /><testcase classname="backend.tests.e2e.test_generated_api" name="test_integration_health_check_66" time="0.006" /><testcase classname="backend.tests.e2e.test_generated_api" name="test_integration_health_check_67" time="0.006" /><testcase classname="backend.tests.e2e.test_generated_api" name="test_integration_health_check_68" time="0.006" /><testcase classname="backend.tests.e2e.test_generated_api" name="test_integration_health_check_69" time="0.006" /><testcase classname="backend.tests.e2e.test_generated_api" name="test_integration_health_check_70" time="0.006" /><testcase classname="backend.tests.e2e.test_generated_api" name="test_integration_health_check_71" time="0.006" /><testcase classname="backend.tests.e2e.test_generated_api" name="test_integration_health_check_72" time="0.005" /><testcase classname="backend.tests.e2e.test_generated_api" name="test_integration_health_check_73" time="0.007" /><testcase classname="backend.tests.e2e.test_generated_api" name="test_integration_health_check_74" time="0.006" /><testcase classname="backend.tests.e2e.test_generated_api" name="test_integration_health_check_75" time="0.006" /><testcase classname="backend.tests.e2e.test_generated_api" name="test_integration_health_check_76" time="0.006" /><testcase classname="backend.tests.e2e.test_generated_api" name="test_integration_health_check_77" time="0.006" /><testcase classname="backend.tests.e2e.test_generated_api" name="test_integration_health_check_78" time="0.006" /><testcase classname="backend.tests.e2e.test_generated_api" name="test_integration_health_check_79" time="0.007" /><testcase classname="backend.tests.e2e.test_generated_api" name="test_integration_health_check_80" time="0.006" /><testcase classname="backend.tests.e2e.test_generated_api" name="test_integration_health_check_81" time="0.006" /><testcase classname="backend.tests.e2e.test_generated_api" name="test_integration_health_check_82" time="0.007" /><testcase classname="backend.tests.e2e.test_generated_api" name="test_integration_health_check_83" time="0.005" /><testcase classname="backend.tests.e2e.test_generated_api" name="test_integration_health_check_84" time="0.006" /><testcase classname="backend.tests.e2e.test_generated_api" name="test_integration_health_check_85" time="0.006" /><testcase classname="backend.tests.e2e.test_generated_api" name="test_integration_health_check_86" time="0.006" /><testcase classname="backend.tests.e2e.test_generated_api" name="test_integration_health_check_87" time="0.006" /><testcase classname="backend.tests.e2e.test_generated_api" name="test_integration_health_check_88" time="0.006" /><testcase classname="backend.tests.e2e.test_generated_api" name="test_integration_health_check_89" time="0.006" /><testcase classname="backend.tests.e2e.test_generated_api" name="test_integration_health_check_90" time="0.006" /><testcase classname="backend.tests.e2e.test_generated_api" name="test_integration_health_check_91" time="0.007" /><testcase classname="backend.tests.e2e.test_generated_api" name="test_integration_health_check_92" time="0.006" /><testcase classname="backend.tests.e2e.test_generated_api" name="test_integration_health_check_93" time="0.006" /><testcase classname="backend.tests.e2e.test_generated_api" name="test_integration_health_check_94" time="0.006" /><testcase classname="backend.tests.e2e.test_generated_api" name="test_integration_health_check_95" time="0.006" /><testcase classname="backend.tests.e2e.test_generated_api" name="test_integration_health_check_96" time="0.006" /><testcase classname="backend.tests.e2e.test_generated_api" name="test_integration_health_check_97" time="0.006" /><testcase classname="backend.tests.e2e.test_generated_api" name="test_integration_health_check_98" time="0.005" /><testcase classname="backend.tests.e2e.test_generated_api" name="test_integration_health_check_99" time="0.006" /><testcase classname="backend.tests.e2e.test_generated_api" name="test_integration_health_check_100" time="0.006" /><testcase classname="backend.tests.e2e.test_generated_api" name="test_integration_health_check_101" time="0.006" /><testcase classname="backend.tests.e2e.test_generated_api" name="test_integration_health_check_102" time="0.006" /><testcase classname="backend.tests.e2e.test_generated_api" name="test_integration_health_check_103" time="0.006" /><testcase classname="backend.tests.e2e.test_generated_api" name="test_integration_health_check_104" time="0.006" /><testcase classname="backend.tests.e2e.test_generated_api" name="test_integration_health_check_105" time="0.006" /><testcase classname="backend.tests.e2e.test_generated_api" name="test_integration_health_check_106" time="0.006" /><testcase classname="backend.tests.e2e.test_generated_api" name="test_integration_health_check_107" time="0.006" /><testcase classname="backend.tests.e2e.test_generated_api" name="test_integration_health_check_108" time="0.006" /><testcase classname="backend.tests.e2e.test_generated_api" name="test_integration_health_check_109" time="0.006" /><testcase classname="backend.tests.e2e.test_generated_api" name="test_integration_health_check_110" time="0.006" /><testcase classname="backend.tests.e2e.test_generated_api" name="test_integration_health_check_111" time="0.006" /><testcase classname="backend.tests.e2e.test_generated_api" name="test_integration_health_check_112" time="0.006" /><testcase classname="backend.tests.e2e.test_generated_api" name="test_integration_health_check_113" time="0.006" /><testcase classname="backend.tests.e2e.test_generated_api" name="test_integration_health_check_114" time="0.006" /><testcase classname="backend.tests.e2e.test_generated_api" name="test_integration_health_check_115" time="0.006" /><testcase classname="backend.tests.e2e.test_generated_api" name="test_integration_health_check_116" time="0.006" /><testcase classname="backend.tests.e2e.test_generated_api" name="test_integration_health_check_117" time="0.005" /><testcase classname="backend.tests.e2e.test_generated_api" name="test_integration_health_check_118" time="0.006" /><testcase classname="backend.tests.e2e.test_generated_api" name="test_integration_health_check_119" time="0.005" /><testcase classname="backend.tests.e2e.test_generated_api" name="test_integration_health_check_120" time="0.006" /><testcase classname="backend.tests.e2e.test_generated_api" name="test_integration_health_check_121" time="0.006" /><testcase classname="backend.tests.e2e.test_generated_api" name="test_integration_health_check_122" time="0.006" /><testcase classname="backend.tests.e2e.test_generated_api" name="test_integration_health_check_123" time="0.006" /><testcase classname="backend.tests.e2e.test_generated_api" name="test_integration_health_check_124" time="0.006" /><testcase classname="backend.tests.e2e.test_generated_api" name="test_integration_health_check_125" time="0.006" /><testcase classname="backend.tests.e2e.test_generated_api" name="test_integration_health_check_126" time="0.006" /><testcase classname="backend.tests.e2e.test_generated_api" name="test_integration_health_check_127" time="0.006" /><testcase classname="backend.tests.e2e.test_generated_api" name="test_integration_health_check_128" time="0.006" /><testcase classname="backend.tests.e2e.test_generated_api" name="test_integration_health_check_129" time="0.006" /><testcase classname="backend.tests.e2e.test_generated_api" name="test_integration_health_check_130" time="0.006" /><testcase classname="backend.tests.e2e.test_generated_api" name="test_integration_health_check_131" time="0.006" /><testcase classname="backend.tests.e2e.test_generated_api" name="test_integration_health_check_132" time="0.006" /><testcase classname="backend.tests.e2e.test_generated_api" name="test_integration_health_check_133" time="0.006" /><testcase classname="backend.tests.e2e.test_generated_api" name="test_integration_health_check_134" time="0.006" /><testcase classname="backend.tests.e2e.test_generated_api" name="test_integration_health_check_135" time="0.006" /><testcase classname="backend.tests.e2e.test_generated_api" name="test_integration_health_check_136" time="0.006" /></testsuite></testsuites>